Archive member included to satisfy reference by file (symbol)

c:\users\bb21\Documents\Atmel Studio\7.0\ArduinoSketch1\ArduinoSketch1\ArduinoCore\Debug\libArduinoCore.a(HardwareSerial.o)
                              Sketch.o (_ZN14HardwareSerial9availableEv)
c:\users\bb21\Documents\Atmel Studio\7.0\ArduinoSketch1\ArduinoSketch1\ArduinoCore\Debug\libArduinoCore.a(HardwareSerial0.o)
                              Sketch.o (Serial)
c:\users\bb21\Documents\Atmel Studio\7.0\ArduinoSketch1\ArduinoSketch1\ArduinoCore\Debug\libArduinoCore.a(main.o)
                              E:/Installed_Softwares/AtmelStudio7/7.0/Packs/atmel/ATmega_DFP/1.2.209/gcc/dev/atmega328p/avr5/crtatmega328p.o (main)
c:\users\bb21\Documents\Atmel Studio\7.0\ArduinoSketch1\ArduinoSketch1\ArduinoCore\Debug\libArduinoCore.a(Print.o)
                              c:\users\bb21\Documents\Atmel Studio\7.0\ArduinoSketch1\ArduinoSketch1\ArduinoCore\Debug\libArduinoCore.a(HardwareSerial.o) (_ZN5Print5writeEPKhj)
c:\users\bb21\Documents\Atmel Studio\7.0\ArduinoSketch1\ArduinoSketch1\ArduinoCore\Debug\libArduinoCore.a(Stream.o)
                              Sketch.o (_ZN6Stream8parseIntE13LookaheadModec)
c:\users\bb21\Documents\Atmel Studio\7.0\ArduinoSketch1\ArduinoSketch1\ArduinoCore\Debug\libArduinoCore.a(wiring.o)
                              c:\users\bb21\Documents\Atmel Studio\7.0\ArduinoSketch1\ArduinoSketch1\ArduinoCore\Debug\libArduinoCore.a(Stream.o) (millis)
c:\users\bb21\Documents\Atmel Studio\7.0\ArduinoSketch1\ArduinoSketch1\ArduinoCore\Debug\libArduinoCore.a(wiring_digital.o)
                              Sketch.o (pinMode)
c:\users\bb21\Documents\Atmel Studio\7.0\ArduinoSketch1\ArduinoSketch1\ArduinoCore\Debug\libArduinoCore.a(WString.o)
                              Sketch.o (_ZN6StringD1Ev)
c:\users\bb21\Documents\Atmel Studio\7.0\ArduinoSketch1\ArduinoSketch1\ArduinoCore\Debug\libArduinoCore.a(Adafruit_Fingerprint.o)
                              Sketch.o (_ZN20Adafruit_FingerprintC1EP14SoftwareSerialm)
c:\users\bb21\Documents\Atmel Studio\7.0\ArduinoSketch1\ArduinoSketch1\ArduinoCore\Debug\libArduinoCore.a(LiquidCrystal_I2C.o)
                              Sketch.o (_ZN17LiquidCrystal_I2CC1Ehhhh)
c:\users\bb21\Documents\Atmel Studio\7.0\ArduinoSketch1\ArduinoSketch1\ArduinoCore\Debug\libArduinoCore.a(SoftwareSerial.o)
                              Sketch.o (_ZN14SoftwareSerialD1Ev)
c:\users\bb21\Documents\Atmel Studio\7.0\ArduinoSketch1\ArduinoSketch1\ArduinoCore\Debug\libArduinoCore.a(Wire.o)
                              c:\users\bb21\Documents\Atmel Studio\7.0\ArduinoSketch1\ArduinoSketch1\ArduinoCore\Debug\libArduinoCore.a(LiquidCrystal_I2C.o) (_ZN7TwoWire5writeEh)
c:\users\bb21\Documents\Atmel Studio\7.0\ArduinoSketch1\ArduinoSketch1\ArduinoCore\Debug\libArduinoCore.a(abi.o)
                              c:\users\bb21\Documents\Atmel Studio\7.0\ArduinoSketch1\ArduinoSketch1\ArduinoCore\Debug\libArduinoCore.a(Print.o) (__cxa_pure_virtual)
c:\users\bb21\Documents\Atmel Studio\7.0\ArduinoSketch1\ArduinoSketch1\ArduinoCore\Debug\libArduinoCore.a(hooks.o)
                              c:\users\bb21\Documents\Atmel Studio\7.0\ArduinoSketch1\ArduinoSketch1\ArduinoCore\Debug\libArduinoCore.a(wiring.o) (yield)
c:\users\bb21\Documents\Atmel Studio\7.0\ArduinoSketch1\ArduinoSketch1\ArduinoCore\Debug\libArduinoCore.a(twi.o)
                              c:\users\bb21\Documents\Atmel Studio\7.0\ArduinoSketch1\ArduinoSketch1\ArduinoCore\Debug\libArduinoCore.a(Wire.o) (twi_init)
e:/installed_softwares/atmelstudio7/7.0/toolchain/avr8/avr8-gnu-toolchain/bin/../lib/gcc/avr/5.4.0/../../../../avr/lib/avr5\libm.a(addsf3.o)
                              c:\users\bb21\Documents\Atmel Studio\7.0\ArduinoSketch1\ArduinoSketch1\ArduinoCore\Debug\libArduinoCore.a(Print.o) (__subsf3)
e:/installed_softwares/atmelstudio7/7.0/toolchain/avr8/avr8-gnu-toolchain/bin/../lib/gcc/avr/5.4.0/../../../../avr/lib/avr5\libm.a(addsf3x.o)
                              e:/installed_softwares/atmelstudio7/7.0/toolchain/avr8/avr8-gnu-toolchain/bin/../lib/gcc/avr/5.4.0/../../../../avr/lib/avr5\libm.a(addsf3.o) (__addsf3x)
e:/installed_softwares/atmelstudio7/7.0/toolchain/avr8/avr8-gnu-toolchain/bin/../lib/gcc/avr/5.4.0/../../../../avr/lib/avr5\libm.a(cmpsf2.o)
                              c:\users\bb21\Documents\Atmel Studio\7.0\ArduinoSketch1\ArduinoSketch1\ArduinoCore\Debug\libArduinoCore.a(Print.o) (__ltsf2)
e:/installed_softwares/atmelstudio7/7.0/toolchain/avr8/avr8-gnu-toolchain/bin/../lib/gcc/avr/5.4.0/../../../../avr/lib/avr5\libm.a(divsf3.o)
                              c:\users\bb21\Documents\Atmel Studio\7.0\ArduinoSketch1\ArduinoSketch1\ArduinoCore\Debug\libArduinoCore.a(Print.o) (__divsf3)
e:/installed_softwares/atmelstudio7/7.0/toolchain/avr8/avr8-gnu-toolchain/bin/../lib/gcc/avr/5.4.0/../../../../avr/lib/avr5\libm.a(divsf3x.o)
[...]
Memory Configuration

Name             Origin             Length             Attributes
text             0x00000000         0x00020000         xr
data             0x00800060         0x0000ffa0         rw !x
eeprom           0x00810000         0x00010000         rw !x
fuse             0x00820000         0x00000003         rw !x
lock             0x00830000         0x00000400         rw !x
signature        0x00840000         0x00000400         rw !x
user_signatures  0x00850000         0x00000400         rw !x
*default*        0x00000000         0xffffffff

Linker script and memory map

Address of section .data set to 0x800100
LOAD E:/Installed_Softwares/AtmelStudio7/7.0/Packs/atmel/ATmega_DFP/1.2.209/gcc/dev/atmega328p/avr5/crtatmega328p.o
LOAD Sketch.o
START GROUP
LOAD e:/installed_softwares/atmelstudio7/7.0/toolchain/avr8/avr8-gnu-toolchain/bin/../lib/gcc/avr/5.4.0/../../../../avr/lib/avr5\libm.a
LOAD c:\users\bb21\Documents\Atmel Studio\7.0\ArduinoSketch1\ArduinoSketch1\ArduinoCore\Debug\libArduinoCore.a
END GROUP
LOAD e:/installed_softwares/atmelstudio7/7.0/toolchain/avr8/avr8-gnu-toolchain/bin/../lib/gcc/avr/5.4.0/avr5\libgcc.a
LOAD e:/installed_softwares/atmelstudio7/7.0/toolchain/avr8/avr8-gnu-toolchain/bin/../lib/gcc/avr/5.4.0/../../../../avr/lib/avr5\libm.a
START GROUP
LOAD e:/installed_softwares/atmelstudio7/7.0/toolchain/avr8/avr8-gnu-toolchain/bin/../lib/gcc/avr/5.4.0/avr5\libgcc.a
LOAD e:/installed_softwares/atmelstudio7/7.0/toolchain/avr8/avr8-gnu-toolchain/bin/../lib/gcc/avr/5.4.0/../../../../avr/lib/avr5\libm.a
LOAD e:/installed_softwares/atmelstudio7/7.0/toolchain/avr8/avr8-gnu-toolchain/bin/../lib/gcc/avr/5.4.0/../../../../avr/lib/avr5\libc.a
LOAD E:/Installed_Softwares/AtmelStudio7/7.0/Packs/atmel/ATmega_DFP/1.2.209/gcc/dev/atmega328p/avr5\libatmega328p.a
END GROUP
                0x00020000                __TEXT_REGION_LENGTH__ = DEFINED (__TEXT_REGION_LENGTH__)?__TEXT_REGION_LENGTH__:0x20000
                0x0000ffa0                __DATA_REGION_LENGTH__ = DEFINED (__DATA_REGION_LENGTH__)?__DATA_REGION_LENGTH__:0xffa0
                0x00010000                __EEPROM_REGION_LENGTH__ = DEFINED (__EEPROM_REGION_LENGTH__)?__EEPROM_REGION_LENGTH__:0x10000
                [0x00000003]                __FUSE_REGION_LENGTH__ = DEFINED (__FUSE_REGION_LENGTH__)?__FUSE_REGION_LENGTH__:0x400
                0x00000400                __LOCK_REGION_LENGTH__ = DEFINED (__LOCK_REGION_LENGTH__)?__LOCK_REGION_LENGTH__:0x400
                0x00000400                __SIGNATURE_REGION_LENGTH__ = DEFINED (__SIGNATURE_REGION_LENGTH__)?__SIGNATURE_REGION_LENGTH__:0x400
                0x00000400                __USER_SIGNATURE_REGION_LENGTH__ = DEFINED (__USER_SIGNATURE_REGION_LENGTH__)?__USER_SIGNATURE_REGION_LENGTH__:0x400

.hash
 *(.hash)

.dynsym
 *(.dynsym)

.dynstr
 *(.dynstr)

.gnu.version
 *(.gnu.version)

.gnu.version_d
 *(.gnu.version_d)

.gnu.version_r
 *(.gnu.version_r)

.rel.init
 *(.rel.init)

.rela.init
 *(.rela.init)

.rel.text
 *(.rel.text)
 *(.rel.text.*)
 *(.rel.gnu.linkonce.t*)

.rela.text
 *(.rela.text)
 *(.rela.text.*)
 *(.rela.gnu.linkonce.t*)

.rel.fini
 *(.rel.fini)

.rela.fini
 *(.rela.fini)

.rel.rodata
 *(.rel.rodata)
 *(.rel.rodata.*)
 *(.rel.gnu.linkonce.r*)

.rela.rodata
 *(.rela.rodata)
 *(.rela.rodata.*)
 *(.rela.gnu.linkonce.r*)

.rel.data
 *(.rel.data)
 *(.rel.data.*)
 *(.rel.gnu.linkonce.d*)

.rela.data
 *(.rela.data)
 *(.rela.data.*)
 *(.rela.gnu.linkonce.d*)

.rel.ctors
 *(.rel.ctors)

.rela.ctors
 *(.rela.ctors)

.rel.dtors
 *(.rel.dtors)

.rela.dtors
 *(.rela.dtors)

.rel.got
 *(.rel.got)

.rela.got
 *(.rela.got)

.rel.bss
 *(.rel.bss)

.rela.bss
 *(.rela.bss)

.rel.plt
 *(.rel.plt)

.rela.plt
 *(.rela.plt)

.text           0x00000000     0x34d2
 *(.vectors)
 .vectors       0x00000000       0x68 E:/Installed_Softwares/AtmelStudio7/7.0/Packs/atmel/ATmega_DFP/1.2.209/gcc/dev/atmega328p/avr5/crtatmega328p.o
                0x00000000                __vector_default
                0x00000000                __vectors
 *(.vectors)
 *(.progmem.gcc*)
 .progmem.gcc_sw_table._ZN20Adafruit_Fingerprint19getStructuredPacketEP27Adafruit_Fingerprint_Packetj
                0x00000068       0x12 c:\users\bb21\Documents\Atmel Studio\7.0\ArduinoSketch1\ArduinoSketch1\ArduinoCore\Debug\libArduinoCore.a(Adafruit_Fingerprint.o)
                0x0000007a                . = ALIGN (0x2)
                0x0000007a                __trampolines_start = .
 *(.trampolines)
 .trampolines   0x0000007a        0x0 linker stubs
 *(.trampolines*)
                0x0000007a                __trampolines_end = .
 *libprintf_flt.a:*(.progmem.data)
 *libc.a:*(.progmem.data)
 *(.progmem*)
 .progmem.data.digital_pin_to_timer_PGM
                0x0000007a       0x14 c:\users\bb21\Documents\Atmel Studio\7.0\ArduinoSketch1\ArduinoSketch1\ArduinoCore\Debug\libArduinoCore.a(wiring_digital.o)
                0x0000007a                digital_pin_to_timer_PGM
 .progmem.data.digital_pin_to_bit_mask_PGM
                0x0000008e       0x14 c:\users\bb21\Documents\Atmel Studio\7.0\ArduinoSketch1\ArduinoSketch1\ArduinoCore\Debug\libArduinoCore.a(wiring_digital.o)
                0x0000008e                digital_pin_to_bit_mask_PGM
 .progmem.data.digital_pin_to_port_PGM
                0x000000a2       0x14 c:\users\bb21\Documents\Atmel Studio\7.0\ArduinoSketch1\ArduinoSketch1\ArduinoCore\Debug\libArduinoCore.a(wiring_digital.o)
                0x000000a2                digital_pin_to_port_PGM
 .progmem.data.port_to_input_PGM
                0x000000b6        0xa c:\users\bb21\Documents\Atmel Studio\7.0\ArduinoSketch1\ArduinoSketch1\ArduinoCore\Debug\libArduinoCore.a(wiring_digital.o)
                0x000000b6                port_to_input_PGM
 .progmem.data.port_to_output_PGM
                0x000000c0        0xa c:\users\bb21\Documents\Atmel Studio\7.0\ArduinoSketch1\ArduinoSketch1\ArduinoCore\Debug\libArduinoCore.a(wiring_digital.o)
                0x000000c0                port_to_output_PGM
 .progmem.data.port_to_mode_PGM
                0x000000ca        0xa c:\users\bb21\Documents\Atmel Studio\7.0\ArduinoSketch1\ArduinoSketch1\ArduinoCore\Debug\libArduinoCore.a(wiring_digital.o)
                0x000000ca                port_to_mode_PGM
                0x000000d4                . = ALIGN (0x2)
 *(.jumptables)
 *(.jumptables*)
 *(.lowtext)
 *(.lowtext*)
                0x000000d4                __ctors_start = .
 *(.ctors)
 .ctors         0x000000d4        0x2 Sketch.o
 .ctors         0x000000d6        0x2 c:\users\bb21\Documents\Atmel Studio\7.0\ArduinoSketch1\ArduinoSketch1\ArduinoCore\Debug\libArduinoCore.a(HardwareSerial0.o)
 .ctors         0x000000d8        0x2 c:\users\bb21\Documents\Atmel Studio\7.0\ArduinoSketch1\ArduinoSketch1\ArduinoCore\Debug\libArduinoCore.a(Wire.o)
                0x000000da                __ctors_end = .
                0x000000da                __dtors_start = .
 *(.dtors)
 .dtors         0x000000da        0x2 Sketch.o
                0x000000dc                __dtors_end = .
 SORT(*)(.ctors)
 SORT(*)(.dtors)
 *(.init0)
 .init0         0x000000dc        0x0 E:/Installed_Softwares/AtmelStudio7/7.0/Packs/atmel/ATmega_DFP/1.2.209/gcc/dev/atmega328p/avr5/crtatmega328p.o
                0x000000dc                __init
 *(.init0)
 *(.init1)
 *(.init1)
 *(.init2)
 .init2         0x000000dc        0xc E:/Installed_Softwares/AtmelStudio7/7.0/Packs/atmel/ATmega_DFP/1.2.209/gcc/dev/atmega328p/avr5/crtatmega328p.o
 *(.init2)
 *(.init3)
 *(.init3)
 *(.init4)
 .init4         0x000000e8       0x16 e:/installed_softwares/atmelstudio7/7.0/toolchain/avr8/avr8-gnu-toolchain/bin/../lib/gcc/avr/5.4.0/avr5\libgcc.a(_copy_data.o)
                0x000000e8                __do_copy_data
 .init4         0x000000fe       0x10 e:/installed_softwares/atmelstudio7/7.0/toolchain/avr8/avr8-gnu-toolchain/bin/../lib/gcc/avr/5.4.0/avr5\libgcc.a(_clear_bss.o)
                0x000000fe                __do_clear_bss
 *(.init4)
 *(.init5)
 *(.init5)
 *(.init6)
 .init6         0x0000010e       0x16 e:/installed_softwares/atmelstudio7/7.0/toolchain/avr8/avr8-gnu-toolchain/bin/../lib/gcc/avr/5.4.0/avr5\libgcc.a(_ctors.o)
                0x0000010e                __do_global_ctors
 *(.init6)
 *(.init7)
 *(.init7)
 *(.init8)
 *(.init8)
 *(.init9)
 .init9         0x00000124        0x8 E:/Installed_Softwares/AtmelStudio7/7.0/Packs/atmel/ATmega_DFP/1.2.209/gcc/dev/atmega328p/avr5/crtatmega328p.o
 *(.init9)
 *(.text)
 .text          0x0000012c        0x4 E:/Installed_Softwares/AtmelStudio7/7.0/Packs/atmel/ATmega_DFP/1.2.209/gcc/dev/atmega328p/avr5/crtatmega328p.o
                0x0000012c                __vector_22
                0x0000012c                __vector_1
                0x0000012c                __vector_12
                0x0000012c                __bad_interrupt
                0x0000012c                __vector_6
                0x0000012c                __vector_23
                0x0000012c                __vector_25
                0x0000012c                __vector_11
                0x0000012c                __vector_13
                0x0000012c                __vector_17
                0x0000012c                __vector_7
                0x0000012c                __vector_9
                0x0000012c                __vector_2
                0x0000012c                __vector_21
                0x0000012c                __vector_15
                0x0000012c                __vector_8
                0x0000012c                __vector_14
                0x0000012c                __vector_10
                0x0000012c                __vector_20
                0x00000130                . = ALIGN (0x2)
 *(.text.*)
 .text.setup    0x00000130      0x110 Sketch.o
                0x00000130                setup
 .text._Z17deleteFingerprinth
                0x00000240       0x6a Sketch.o
                0x00000240                _Z17deleteFingerprinth
 .text.startup._GLOBAL__sub_I_mySerial
                0x000002aa       0x40 Sketch.o
 .text.exit._GLOBAL__sub_D_mySerial
                0x000002ea       0x10 Sketch.o
 .text._Z10readnumberv
                0x000002fa       0x20 Sketch.o
                0x000002fa                _Z10readnumberv
 .text._Z20getFingerprintEnrollv
                0x0000031a      0x5ac Sketch.o
                0x0000031a                _Z20getFingerprintEnrollv
 .text._Z16getFingerprintIDv
                0x000008c6      0x29e Sketch.o
                0x000008c6                _Z16getFingerprintIDv
 .text.loop     0x00000b64      0x1ea Sketch.o
                0x00000b64                loop
 .text._ZN14HardwareSerial9availableEv
                0x00000d4e       0x18 c:\users\bb21\Documents\Atmel Studio\7.0\ArduinoSketch1\ArduinoSketch1\ArduinoCore\Debug\libArduinoCore.a(HardwareSerial.o)
                0x00000d4e                _ZN14HardwareSerial9availableEv
 .text._ZN14HardwareSerial4peekEv
                0x00000d66       0x1c c:\users\bb21\Documents\Atmel Studio\7.0\ArduinoSketch1\ArduinoSketch1\ArduinoCore\Debug\libArduinoCore.a(HardwareSerial.o)
                0x00000d66                _ZN14HardwareSerial4peekEv
 .text._ZN14HardwareSerial4readEv
                0x00000d82       0x28 c:\users\bb21\Documents\Atmel Studio\7.0\ArduinoSketch1\ArduinoSketch1\ArduinoCore\Debug\libArduinoCore.a(HardwareSerial.o)
                0x00000d82                _ZN14HardwareSerial4readEv
 .text._ZN14HardwareSerial17availableForWriteEv
                0x00000daa       0x1e c:\users\bb21\Documents\Atmel Studio\7.0\ArduinoSketch1\ArduinoSketch1\ArduinoCore\Debug\libArduinoCore.a(HardwareSerial.o)
                0x00000daa                _ZN14HardwareSerial17availableForWriteEv
 .text._Z14serialEventRunv
                0x00000dc8       0x1c c:\users\bb21\Documents\Atmel Studio\7.0\ArduinoSketch1\ArduinoSketch1\ArduinoCore\Debug\libArduinoCore.a(HardwareSerial.o)
                0x00000dc8                _Z14serialEventRunv
 .text._ZN14HardwareSerial17_tx_udr_empty_irqEv
                0x00000de4       0x44 c:\users\bb21\Documents\Atmel Studio\7.0\ArduinoSketch1\ArduinoSketch1\ArduinoCore\Debug\libArduinoCore.a(HardwareSerial.o)
                0x00000de4                _ZN14HardwareSerial17_tx_udr_empty_irqEv
 .text._ZN14HardwareSerial5writeEh
                0x00000e28       0x9a c:\users\bb21\Documents\Atmel Studio\7.0\ArduinoSketch1\ArduinoSketch1\ArduinoCore\Debug\libArduinoCore.a(HardwareSerial.o)
                0x00000e28                _ZN14HardwareSerial5writeEh
 .text._ZN14HardwareSerial5flushEv
                0x00000ec2       0x44 c:\users\bb21\Documents\Atmel Studio\7.0\ArduinoSketch1\ArduinoSketch1\ArduinoCore\Debug\libArduinoCore.a(HardwareSerial.o)
                0x00000ec2                _ZN14HardwareSerial5flushEv
 .text._ZN14HardwareSerial5beginEmh
                0x00000f06       0xca c:\users\bb21\Documents\Atmel Studio\7.0\ArduinoSketch1\ArduinoSketch1\ArduinoCore\Debug\libArduinoCore.a(HardwareSerial.o)
                0x00000f06                _ZN14HardwareSerial5beginEmh
 .text._ZN5Print17availableForWriteEv
                0x00000fd0        0x6 c:\users\bb21\Documents\Atmel Studio\7.0\ArduinoSketch1\ArduinoSketch1\ArduinoCore\Debug\libArduinoCore.a(HardwareSerial0.o)
                0x00000fd0                _ZN5Print17availableForWriteEv
 .text._ZN5Print5flushEv
                0x00000fd6        0x2 c:\users\bb21\Documents\Atmel Studio\7.0\ArduinoSketch1\ArduinoSketch1\ArduinoCore\Debug\libArduinoCore.a(HardwareSerial0.o)
                0x00000fd6                _ZN5Print5flushEv
 .text.__vector_18
                0x00000fd8       0x64 c:\users\bb21\Documents\Atmel Studio\7.0\ArduinoSketch1\ArduinoSketch1\ArduinoCore\Debug\libArduinoCore.a(HardwareSerial0.o)
                0x00000fd8                __vector_18
 .text.__vector_19
                0x0000103c       0x4c c:\users\bb21\Documents\Atmel Studio\7.0\ArduinoSketch1\ArduinoSketch1\ArduinoCore\Debug\libArduinoCore.a(HardwareSerial0.o)
                0x0000103c                __vector_19
 .text._Z17Serial0_availablev
                0x00001088       0x14 c:\users\bb21\Documents\Atmel Studio\7.0\ArduinoSketch1\ArduinoSketch1\ArduinoCore\Debug\libArduinoCore.a(HardwareSerial0.o)
                0x00001088                _Z17Serial0_availablev
 .text.startup._GLOBAL__sub_I___vector_18
                0x0000109c       0x5a c:\users\bb21\Documents\Atmel Studio\7.0\ArduinoSketch1\ArduinoSketch1\ArduinoCore\Debug\libArduinoCore.a(HardwareSerial0.o)
 .text.initVariant
                0x000010f6        0x2 c:\users\bb21\Documents\Atmel Studio\7.0\ArduinoSketch1\ArduinoSketch1\ArduinoCore\Debug\libArduinoCore.a(main.o)
                0x000010f6                initVariant
 .text.startup.main
                0x000010f8       0x1e c:\users\bb21\Documents\Atmel Studio\7.0\ArduinoSketch1\ArduinoSketch1\ArduinoCore\Debug\libArduinoCore.a(main.o)
                0x000010f8                main
 .text._ZN5Print5writeEPKhj
                0x00001116       0x54 c:\users\bb21\Documents\Atmel Studio\7.0\ArduinoSketch1\ArduinoSketch1\ArduinoCore\Debug\libArduinoCore.a(Print.o)
                0x00001116                _ZN5Print5writeEPKhj
 .text._ZN5Print5writeEPKc
                0x0000116a       0x2a c:\users\bb21\Documents\Atmel Studio\7.0\ArduinoSketch1\ArduinoSketch1\ArduinoCore\Debug\libArduinoCore.a(Print.o)
                0x0000116a                _ZN5Print5writeEPKc
 .text._ZN5Print5printERK6String
                0x00001194       0x1c c:\users\bb21\Documents\Atmel Studio\7.0\ArduinoSketch1\ArduinoSketch1\ArduinoCore\Debug\libArduinoCore.a(Print.o)
                0x00001194                _ZN5Print5printERK6String
 .text._ZN5Print5printEPKc
                0x000011b0        0x4 c:\users\bb21\Documents\Atmel Studio\7.0\ArduinoSketch1\ArduinoSketch1\ArduinoCore\Debug\libArduinoCore.a(Print.o)
                0x000011b0                _ZN5Print5printEPKc
 .text._ZN5Print7printlnEv
                0x000011b4        0x8 c:\users\bb21\Documents\Atmel Studio\7.0\ArduinoSketch1\ArduinoSketch1\ArduinoCore\Debug\libArduinoCore.a(Print.o)
                0x000011b4                _ZN5Print7printlnEv
 .text._ZN5Print7printlnEPKc
                0x000011bc       0x24 c:\users\bb21\Documents\Atmel Studio\7.0\ArduinoSketch1\ArduinoSketch1\ArduinoCore\Debug\libArduinoCore.a(Print.o)
                0x000011bc                _ZN5Print7printlnEPKc
 .text._ZN5Print11printNumberEmh
                0x000011e0       0x92 c:\users\bb21\Documents\Atmel Studio\7.0\ArduinoSketch1\ArduinoSketch1\ArduinoCore\Debug\libArduinoCore.a(Print.o)
                0x000011e0                _ZN5Print11printNumberEmh
 .text._ZN5Print5printEmi
                0x00001272       0x1a c:\users\bb21\Documents\Atmel Studio\7.0\ArduinoSketch1\ArduinoSketch1\ArduinoCore\Debug\libArduinoCore.a(Print.o)
                0x00001272                _ZN5Print5printEmi
 .text._ZN5Print5printEhi
                0x0000128c        0xe c:\users\bb21\Documents\Atmel Studio\7.0\ArduinoSketch1\ArduinoSketch1\ArduinoCore\Debug\libArduinoCore.a(Print.o)
                0x0000128c                _ZN5Print5printEhi
 .text._ZN5Print7printlnEhi
                0x0000129a       0x24 c:\users\bb21\Documents\Atmel Studio\7.0\ArduinoSketch1\ArduinoSketch1\ArduinoCore\Debug\libArduinoCore.a(Print.o)
                0x0000129a                _ZN5Print7printlnEhi
 .text._ZN5Print5printEji
                0x000012be        0xc c:\users\bb21\Documents\Atmel Studio\7.0\ArduinoSketch1\ArduinoSketch1\ArduinoCore\Debug\libArduinoCore.a(Print.o)
                0x000012be                _ZN5Print5printEji
 .text._ZN5Print7printlnEji
                0x000012ca       0x24 c:\users\bb21\Documents\Atmel Studio\7.0\ArduinoSketch1\ArduinoSketch1\ArduinoCore\Debug\libArduinoCore.a(Print.o)
                0x000012ca                _ZN5Print7printlnEji
 .text._ZN6Stream9timedReadEv
                0x000012ee       0x60 c:\users\bb21\Documents\Atmel Studio\7.0\ArduinoSketch1\ArduinoSketch1\ArduinoCore\Debug\libArduinoCore.a(Stream.o)
                0x000012ee                _ZN6Stream9timedReadEv
 .text._ZN6Stream9timedPeekEv
                0x0000134e       0x60 c:\users\bb21\Documents\Atmel Studio\7.0\ArduinoSketch1\ArduinoSketch1\ArduinoCore\Debug\libArduinoCore.a(Stream.o)
                0x0000134e                _ZN6Stream9timedPeekEv
 .text._ZN6Stream13peekNextDigitE13LookaheadModeb
                0x000013ae       0x78 c:\users\bb21\Documents\Atmel Studio\7.0\ArduinoSketch1\ArduinoSketch1\ArduinoCore\Debug\libArduinoCore.a(Stream.o)
                0x000013ae                _ZN6Stream13peekNextDigitE13LookaheadModeb
 .text._ZN6Stream8parseIntE13LookaheadModec
                0x00001426       0xcc c:\users\bb21\Documents\Atmel Studio\7.0\ArduinoSketch1\ArduinoSketch1\ArduinoCore\Debug\libArduinoCore.a(Stream.o)
                0x00001426                _ZN6Stream8parseIntE13LookaheadModec
 .text._ZN6Stream10readStringEv
                0x000014f2       0x34 c:\users\bb21\Documents\Atmel Studio\7.0\ArduinoSketch1\ArduinoSketch1\ArduinoCore\Debug\libArduinoCore.a(Stream.o)
                0x000014f2                _ZN6Stream10readStringEv
 .text.__vector_16
                0x00001526       0x94 c:\users\bb21\Documents\Atmel Studio\7.0\ArduinoSketch1\ArduinoSketch1\ArduinoCore\Debug\libArduinoCore.a(wiring.o)
                0x00001526                __vector_16
 .text.millis   0x000015ba       0x18 c:\users\bb21\Documents\Atmel Studio\7.0\ArduinoSketch1\ArduinoSketch1\ArduinoCore\Debug\libArduinoCore.a(wiring.o)
                0x000015ba                millis
 .text.micros   0x000015d2       0x4a c:\users\bb21\Documents\Atmel Studio\7.0\ArduinoSketch1\ArduinoSketch1\ArduinoCore\Debug\libArduinoCore.a(wiring.o)
                0x000015d2                micros
 .text.delay    0x0000161c       0x78 c:\users\bb21\Documents\Atmel Studio\7.0\ArduinoSketch1\ArduinoSketch1\ArduinoCore\Debug\libArduinoCore.a(wiring.o)
                0x0000161c                delay
 .text.delayMicroseconds
                0x00001694       0x16 c:\users\bb21\Documents\Atmel Studio\7.0\ArduinoSketch1\ArduinoSketch1\ArduinoCore\Debug\libArduinoCore.a(wiring.o)
                0x00001694                delayMicroseconds
 .text.init     0x000016aa       0x76 c:\users\bb21\Documents\Atmel Studio\7.0\ArduinoSketch1\ArduinoSketch1\ArduinoCore\Debug\libArduinoCore.a(wiring.o)
                0x000016aa                init
 .text.turnOffPWM
                0x00001720       0x52 c:\users\bb21\Documents\Atmel Studio\7.0\ArduinoSketch1\ArduinoSketch1\ArduinoCore\Debug\libArduinoCore.a(wiring_digital.o)
 .text.pinMode  0x00001772       0x78 c:\users\bb21\Documents\Atmel Studio\7.0\ArduinoSketch1\ArduinoSketch1\ArduinoCore\Debug\libArduinoCore.a(wiring_digital.o)
                0x00001772                pinMode
 .text.digitalWrite
                0x000017ea       0x5e c:\users\bb21\Documents\Atmel Studio\7.0\ArduinoSketch1\ArduinoSketch1\ArduinoCore\Debug\libArduinoCore.a(wiring_digital.o)
                0x000017ea                digitalWrite
 .text._ZNK6String14StringIfHelperEv
                0x00001848        0x2 c:\users\bb21\Documents\Atmel Studio\7.0\ArduinoSketch1\ArduinoSketch1\ArduinoCore\Debug\libArduinoCore.a(WString.o)
                0x00001848                _ZNK6String14StringIfHelperEv
 .text._ZN6StringD2Ev
                0x0000184a        0xa c:\users\bb21\Documents\Atmel Studio\7.0\ArduinoSketch1\ArduinoSketch1\ArduinoCore\Debug\libArduinoCore.a(WString.o)
                0x0000184a                _ZN6StringD2Ev
                0x0000184a                _ZN6StringD1Ev
 .text._ZN6String10invalidateEv
                0x00001854       0x24 c:\users\bb21\Documents\Atmel Studio\7.0\ArduinoSketch1\ArduinoSketch1\ArduinoCore\Debug\libArduinoCore.a(WString.o)
                0x00001854                _ZN6String10invalidateEv
 .text._ZN6String12changeBufferEj
                0x00001878       0x34 c:\users\bb21\Documents\Atmel Studio\7.0\ArduinoSketch1\ArduinoSketch1\ArduinoCore\Debug\libArduinoCore.a(WString.o)
                0x00001878                _ZN6String12changeBufferEj
 .text._ZN6String7reserveEj
                0x000018ac       0x38 c:\users\bb21\Documents\Atmel Studio\7.0\ArduinoSketch1\ArduinoSketch1\ArduinoCore\Debug\libArduinoCore.a(WString.o)
                0x000018ac                _ZN6String7reserveEj
 .text._ZN6String4copyEPKcj
                0x000018e4       0x42 c:\users\bb21\Documents\Atmel Studio\7.0\ArduinoSketch1\ArduinoSketch1\ArduinoCore\Debug\libArduinoCore.a(WString.o)
                0x000018e4                _ZN6String4copyEPKcj
 .text._ZN6StringC2EPKc
                0x00001926       0x2a c:\users\bb21\Documents\Atmel Studio\7.0\ArduinoSketch1\ArduinoSketch1\ArduinoCore\Debug\libArduinoCore.a(WString.o)
                0x00001926                _ZN6StringC2EPKc
                0x00001926                _ZN6StringC1EPKc
 .text._ZN6String4moveERS_
                0x00001950       0x7a c:\users\bb21\Documents\Atmel Studio\7.0\ArduinoSketch1\ArduinoSketch1\ArduinoCore\Debug\libArduinoCore.a(WString.o)
                0x00001950                _ZN6String4moveERS_
 .text._ZN6StringaSEOS_
                0x000019ca       0x18 c:\users\bb21\Documents\Atmel Studio\7.0\ArduinoSketch1\ArduinoSketch1\ArduinoCore\Debug\libArduinoCore.a(WString.o)
                0x000019ca                _ZN6StringaSEOS_
 .text._ZN6String6concatEPKcj
                0x000019e2       0x5c c:\users\bb21\Documents\Atmel Studio\7.0\ArduinoSketch1\ArduinoSketch1\ArduinoCore\Debug\libArduinoCore.a(WString.o)
                0x000019e2                _ZN6String6concatEPKcj
 .text._ZN6String6concatEc
                0x00001a3e       0x26 c:\users\bb21\Documents\Atmel Studio\7.0\ArduinoSketch1\ArduinoSketch1\ArduinoCore\Debug\libArduinoCore.a(WString.o)
                0x00001a3e                _ZN6String6concatEc
 .text._ZNK6String6equalsEPKc
                0x00001a64       0x3e c:\users\bb21\Documents\Atmel Studio\7.0\ArduinoSketch1\ArduinoSketch1\ArduinoCore\Debug\libArduinoCore.a(WString.o)
                0x00001a64                _ZNK6String6equalsEPKc
 .text._ZN27Adafruit_Fingerprint_PacketC2EhjPh
                0x00001aa2       0x52 c:\users\bb21\Documents\Atmel Studio\7.0\ArduinoSketch1\ArduinoSketch1\ArduinoCore\Debug\libArduinoCore.a(Adafruit_Fingerprint.o)
                0x00001aa2                _ZN27Adafruit_Fingerprint_PacketC2EhjPh
                0x00001aa2                _ZN27Adafruit_Fingerprint_PacketC1EhjPh
 .text._ZN20Adafruit_FingerprintC2EP14SoftwareSerialm
                0x00001af4       0x26 c:\users\bb21\Documents\Atmel Studio\7.0\ArduinoSketch1\ArduinoSketch1\ArduinoCore\Debug\libArduinoCore.a(Adafruit_Fingerprint.o)
                0x00001af4                _ZN20Adafruit_FingerprintC2EP14SoftwareSerialm
                0x00001af4                _ZN20Adafruit_FingerprintC1EP14SoftwareSerialm
 .text._ZN20Adafruit_Fingerprint5beginEm
                0x00001b1a       0x5a c:\users\bb21\Documents\Atmel Studio\7.0\ArduinoSketch1\ArduinoSketch1\ArduinoCore\Debug\libArduinoCore.a(Adafruit_Fingerprint.o)
                0x00001b1a                _ZN20Adafruit_Fingerprint5beginEm
 .text._ZN20Adafruit_Fingerprint21writeStructuredPacketERK27Adafruit_Fingerprint_Packet
                0x00001b74      0x174 c:\users\bb21\Documents\Atmel Studio\7.0\ArduinoSketch1\ArduinoSketch1\ArduinoCore\Debug\libArduinoCore.a(Adafruit_Fingerprint.o)
                0x00001b74                _ZN20Adafruit_Fingerprint21writeStructuredPacketERK27Adafruit_Fingerprint_Packet
 .text._ZN20Adafruit_Fingerprint19getStructuredPacketEP27Adafruit_Fingerprint_Packetj
                0x00001ce8       0xfa c:\users\bb21\Documents\Atmel Studio\7.0\ArduinoSketch1\ArduinoSketch1\ArduinoCore\Debug\libArduinoCore.a(Adafruit_Fingerprint.o)
                0x00001ce8                _ZN20Adafruit_Fingerprint19getStructuredPacketEP27Adafruit_Fingerprint_Packetj
 .text._ZN20Adafruit_Fingerprint13checkPasswordEv
                0x00001de2       0xac c:\users\bb21\Documents\Atmel Studio\7.0\ArduinoSketch1\ArduinoSketch1\ArduinoCore\Debug\libArduinoCore.a(Adafruit_Fingerprint.o)
                0x00001de2                _ZN20Adafruit_Fingerprint13checkPasswordEv
 .text._ZN20Adafruit_Fingerprint14verifyPasswordEv
                0x00001e8e        0xe c:\users\bb21\Documents\Atmel Studio\7.0\ArduinoSketch1\ArduinoSketch1\ArduinoCore\Debug\libArduinoCore.a(Adafruit_Fingerprint.o)
                0x00001e8e                _ZN20Adafruit_Fingerprint14verifyPasswordEv
 .text._ZN20Adafruit_Fingerprint8getImageEv
                0x00001e9c       0x7c c:\users\bb21\Documents\Atmel Studio\7.0\ArduinoSketch1\ArduinoSketch1\ArduinoCore\Debug\libArduinoCore.a(Adafruit_Fingerprint.o)
                0x00001e9c                _ZN20Adafruit_Fingerprint8getImageEv
 .text._ZN20Adafruit_Fingerprint8image2TzEh
                0x00001f18       0x82 c:\users\bb21\Documents\Atmel Studio\7.0\ArduinoSketch1\ArduinoSketch1\ArduinoCore\Debug\libArduinoCore.a(Adafruit_Fingerprint.o)
                0x00001f18                _ZN20Adafruit_Fingerprint8image2TzEh
 .text._ZN20Adafruit_Fingerprint11createModelEv
                0x00001f9a       0x7c c:\users\bb21\Documents\Atmel Studio\7.0\ArduinoSketch1\ArduinoSketch1\ArduinoCore\Debug\libArduinoCore.a(Adafruit_Fingerprint.o)
                0x00001f9a                _ZN20Adafruit_Fingerprint11createModelEv
 .text._ZN20Adafruit_Fingerprint10storeModelEj
                0x00002016       0x90 c:\users\bb21\Documents\Atmel Studio\7.0\ArduinoSketch1\ArduinoSketch1\ArduinoCore\Debug\libArduinoCore.a(Adafruit_Fingerprint.o)
                0x00002016                _ZN20Adafruit_Fingerprint10storeModelEj
 .text._ZN20Adafruit_Fingerprint11deleteModelEj
                0x000020a6       0x8c c:\users\bb21\Documents\Atmel Studio\7.0\ArduinoSketch1\ArduinoSketch1\ArduinoCore\Debug\libArduinoCore.a(Adafruit_Fingerprint.o)
                0x000020a6                _ZN20Adafruit_Fingerprint11deleteModelEj
 .text._ZN20Adafruit_Fingerprint16fingerFastSearchEv
                0x00002132       0xa6 c:\users\bb21\Documents\Atmel Studio\7.0\ArduinoSketch1\ArduinoSketch1\ArduinoCore\Debug\libArduinoCore.a(Adafruit_Fingerprint.o)
                0x00002132                _ZN20Adafruit_Fingerprint16fingerFastSearchEv
 .text._ZN20Adafruit_Fingerprint16getTemplateCountEv
                0x000021d8       0x8c c:\users\bb21\Documents\Atmel Studio\7.0\ArduinoSketch1\ArduinoSketch1\ArduinoCore\Debug\libArduinoCore.a(Adafruit_Fingerprint.o)
                0x000021d8                _ZN20Adafruit_Fingerprint16getTemplateCountEv
 .text._ZN17LiquidCrystal_I2CC2Ehhhh
                0x00002264       0x20 c:\users\bb21\Documents\Atmel Studio\7.0\ArduinoSketch1\ArduinoSketch1\ArduinoCore\Debug\libArduinoCore.a(LiquidCrystal_I2C.o)
                0x00002264                _ZN17LiquidCrystal_I2CC2Ehhhh
                0x00002264                _ZN17LiquidCrystal_I2CC1Ehhhh
 .text._ZN17LiquidCrystal_I2C13expanderWriteEh
                0x00002284       0x2e c:\users\bb21\Documents\Atmel Studio\7.0\ArduinoSketch1\ArduinoSketch1\ArduinoCore\Debug\libArduinoCore.a(LiquidCrystal_I2C.o)
                0x00002284                _ZN17LiquidCrystal_I2C13expanderWriteEh
 .text._ZN17LiquidCrystal_I2C11noBacklightEv
                0x000022b2        0xa c:\users\bb21\Documents\Atmel Studio\7.0\ArduinoSketch1\ArduinoSketch1\ArduinoCore\Debug\libArduinoCore.a(LiquidCrystal_I2C.o)
                0x000022b2                _ZN17LiquidCrystal_I2C11noBacklightEv
 .text._ZN17LiquidCrystal_I2C9backlightEv
                0x000022bc        0xc c:\users\bb21\Documents\Atmel Studio\7.0\ArduinoSketch1\ArduinoSketch1\ArduinoCore\Debug\libArduinoCore.a(LiquidCrystal_I2C.o)
                0x000022bc                _ZN17LiquidCrystal_I2C9backlightEv
 .text._ZN17LiquidCrystal_I2C11pulseEnableEh
                0x000022c8       0x30 c:\users\bb21\Documents\Atmel Studio\7.0\ArduinoSketch1\ArduinoSketch1\ArduinoCore\Debug\libArduinoCore.a(LiquidCrystal_I2C.o)
                0x000022c8                _ZN17LiquidCrystal_I2C11pulseEnableEh
 .text._ZN17LiquidCrystal_I2C10write4bitsEh
                0x000022f8       0x1c c:\users\bb21\Documents\Atmel Studio\7.0\ArduinoSketch1\ArduinoSketch1\ArduinoCore\Debug\libArduinoCore.a(LiquidCrystal_I2C.o)
                0x000022f8                _ZN17LiquidCrystal_I2C10write4bitsEh
 .text._ZN17LiquidCrystal_I2C4sendEhh
                0x00002314       0x2e c:\users\bb21\Documents\Atmel Studio\7.0\ArduinoSketch1\ArduinoSketch1\ArduinoCore\Debug\libArduinoCore.a(LiquidCrystal_I2C.o)
                0x00002314                _ZN17LiquidCrystal_I2C4sendEhh
 .text._ZN17LiquidCrystal_I2C7commandEh
                0x00002342        0x6 c:\users\bb21\Documents\Atmel Studio\7.0\ArduinoSketch1\ArduinoSketch1\ArduinoCore\Debug\libArduinoCore.a(LiquidCrystal_I2C.o)
                0x00002342                _ZN17LiquidCrystal_I2C7commandEh
 .text._ZN17LiquidCrystal_I2C5clearEv
                0x00002348        0xe c:\users\bb21\Documents\Atmel Studio\7.0\ArduinoSketch1\ArduinoSketch1\ArduinoCore\Debug\libArduinoCore.a(LiquidCrystal_I2C.o)
                0x00002348                _ZN17LiquidCrystal_I2C5clearEv
 .text._ZN17LiquidCrystal_I2C4homeEv
                0x00002356        0xe c:\users\bb21\Documents\Atmel Studio\7.0\ArduinoSketch1\ArduinoSketch1\ArduinoCore\Debug\libArduinoCore.a(LiquidCrystal_I2C.o)
                0x00002356                _ZN17LiquidCrystal_I2C4homeEv
 .text._ZN17LiquidCrystal_I2C9setCursorEhh
                0x00002364       0x5c c:\users\bb21\Documents\Atmel Studio\7.0\ArduinoSketch1\ArduinoSketch1\ArduinoCore\Debug\libArduinoCore.a(LiquidCrystal_I2C.o)
                0x00002364                _ZN17LiquidCrystal_I2C9setCursorEhh
 .text._ZN17LiquidCrystal_I2C7displayEv
                0x000023c0       0x10 c:\users\bb21\Documents\Atmel Studio\7.0\ArduinoSketch1\ArduinoSketch1\ArduinoCore\Debug\libArduinoCore.a(LiquidCrystal_I2C.o)
                0x000023c0                _ZN17LiquidCrystal_I2C7displayEv
 .text._ZN17LiquidCrystal_I2C5writeEh
                0x000023d0        0xc c:\users\bb21\Documents\Atmel Studio\7.0\ArduinoSketch1\ArduinoSketch1\ArduinoCore\Debug\libArduinoCore.a(LiquidCrystal_I2C.o)
                0x000023d0                _ZN17LiquidCrystal_I2C5writeEh
 .text._ZN17LiquidCrystal_I2C5beginEv
                0x000023dc       0xb2 c:\users\bb21\Documents\Atmel Studio\7.0\ArduinoSketch1\ArduinoSketch1\ArduinoCore\Debug\libArduinoCore.a(LiquidCrystal_I2C.o)
                0x000023dc                _ZN17LiquidCrystal_I2C5beginEv
 .text._ZN14SoftwareSerial4readEv
                0x0000248e       0x42 c:\users\bb21\Documents\Atmel Studio\7.0\ArduinoSketch1\ArduinoSketch1\ArduinoCore\Debug\libArduinoCore.a(SoftwareSerial.o)
                0x0000248e                _ZN14SoftwareSerial4readEv
 .text._ZN14SoftwareSerial5writeEh
                0x000024d0       0xa0 c:\users\bb21\Documents\Atmel Studio\7.0\ArduinoSketch1\ArduinoSketch1\ArduinoCore\Debug\libArduinoCore.a(SoftwareSerial.o)
                0x000024d0                _ZN14SoftwareSerial5writeEh
 .text._ZN14SoftwareSerial5flushEv
                0x00002570        0x2 c:\users\bb21\Documents\Atmel Studio\7.0\ArduinoSketch1\ArduinoSketch1\ArduinoCore\Debug\libArduinoCore.a(SoftwareSerial.o)
                0x00002570                _ZN14SoftwareSerial5flushEv
 .text._ZN14SoftwareSerial4peekEv
                0x00002572       0x30 c:\users\bb21\Documents\Atmel Studio\7.0\ArduinoSketch1\ArduinoSketch1\ArduinoCore\Debug\libArduinoCore.a(SoftwareSerial.o)
                0x00002572                _ZN14SoftwareSerial4peekEv
 .text._ZN14SoftwareSerial9availableEv
                0x000025a2       0x30 c:\users\bb21\Documents\Atmel Studio\7.0\ArduinoSketch1\ArduinoSketch1\ArduinoCore\Debug\libArduinoCore.a(SoftwareSerial.o)
                0x000025a2                _ZN14SoftwareSerial9availableEv
 .text._ZN14SoftwareSerial13stopListeningEv
                0x000025d2       0x2c c:\users\bb21\Documents\Atmel Studio\7.0\ArduinoSketch1\ArduinoSketch1\ArduinoCore\Debug\libArduinoCore.a(SoftwareSerial.o)
                0x000025d2                _ZN14SoftwareSerial13stopListeningEv
 .text._ZN14SoftwareSerial6listenEv
                0x000025fe       0x52 c:\users\bb21\Documents\Atmel Studio\7.0\ArduinoSketch1\ArduinoSketch1\ArduinoCore\Debug\libArduinoCore.a(SoftwareSerial.o)
                0x000025fe                _ZN14SoftwareSerial6listenEv
 .text.__vector_3
                0x00002650       0xf4 c:\users\bb21\Documents\Atmel Studio\7.0\ArduinoSketch1\ArduinoSketch1\ArduinoCore\Debug\libArduinoCore.a(SoftwareSerial.o)
                0x00002650                __vector_5
                0x00002650                __vector_4
                0x00002650                __vector_3
 .text._ZN14SoftwareSerialD2Ev
                0x00002744        0xe c:\users\bb21\Documents\Atmel Studio\7.0\ArduinoSketch1\ArduinoSketch1\ArduinoCore\Debug\libArduinoCore.a(SoftwareSerial.o)
                0x00002744                _ZN14SoftwareSerialD1Ev
                0x00002744                _ZN14SoftwareSerialD2Ev
 .text._ZN14SoftwareSerial5setTXEh
                0x00002752       0x52 c:\users\bb21\Documents\Atmel Studio\7.0\ArduinoSketch1\ArduinoSketch1\ArduinoCore\Debug\libArduinoCore.a(SoftwareSerial.o)
                0x00002752                _ZN14SoftwareSerial5setTXEh
 .text._ZN14SoftwareSerial5setRXEh
                0x000027a4       0x52 c:\users\bb21\Documents\Atmel Studio\7.0\ArduinoSketch1\ArduinoSketch1\ArduinoCore\Debug\libArduinoCore.a(SoftwareSerial.o)
                0x000027a4                _ZN14SoftwareSerial5setRXEh
 .text._ZN14SoftwareSerialC2Ehhb
                0x000027f6       0x56 c:\users\bb21\Documents\Atmel Studio\7.0\ArduinoSketch1\ArduinoSketch1\ArduinoCore\Debug\libArduinoCore.a(SoftwareSerial.o)
                0x000027f6                _ZN14SoftwareSerialC1Ehhb
                0x000027f6                _ZN14SoftwareSerialC2Ehhb
 .text._ZN14SoftwareSerial5beginEl
                0x0000284c      0x11c c:\users\bb21\Documents\Atmel Studio\7.0\ArduinoSketch1\ArduinoSketch1\ArduinoCore\Debug\libArduinoCore.a(SoftwareSerial.o)
                0x0000284c                _ZN14SoftwareSerial5beginEl
 .text._ZN7TwoWire9availableEv
                0x00002968       0x10 c:\users\bb21\Documents\Atmel Studio\7.0\ArduinoSketch1\ArduinoSketch1\ArduinoCore\Debug\libArduinoCore.a(Wire.o)
                0x00002968                _ZN7TwoWire9availableEv
 .text._ZN7TwoWire4readEv
                0x00002978       0x28 c:\users\bb21\Documents\Atmel Studio\7.0\ArduinoSketch1\ArduinoSketch1\ArduinoCore\Debug\libArduinoCore.a(Wire.o)
                0x00002978                _ZN7TwoWire4readEv
 .text._ZN7TwoWire4peekEv
                0x000029a0       0x1e c:\users\bb21\Documents\Atmel Studio\7.0\ArduinoSketch1\ArduinoSketch1\ArduinoCore\Debug\libArduinoCore.a(Wire.o)
                0x000029a0                _ZN7TwoWire4peekEv
 .text._ZN7TwoWire5flushEv
                0x000029be        0x2 c:\users\bb21\Documents\Atmel Studio\7.0\ArduinoSketch1\ArduinoSketch1\ArduinoCore\Debug\libArduinoCore.a(Wire.o)
                0x000029be                _ZN7TwoWire5flushEv
 .text._ZN7TwoWire16onReceiveServiceEPhi
                0x000029c0       0x54 c:\users\bb21\Documents\Atmel Studio\7.0\ArduinoSketch1\ArduinoSketch1\ArduinoCore\Debug\libArduinoCore.a(Wire.o)
                0x000029c0                _ZN7TwoWire16onReceiveServiceEPhi
 .text._ZN7TwoWire16onRequestServiceEv
                0x00002a14       0x18 c:\users\bb21\Documents\Atmel Studio\7.0\ArduinoSketch1\ArduinoSketch1\ArduinoCore\Debug\libArduinoCore.a(Wire.o)
                0x00002a14                _ZN7TwoWire16onRequestServiceEv
 .text._ZN7TwoWire5writeEPKhj
                0x00002a2c       0x5a c:\users\bb21\Documents\Atmel Studio\7.0\ArduinoSketch1\ArduinoSketch1\ArduinoCore\Debug\libArduinoCore.a(Wire.o)
                0x00002a2c                _ZN7TwoWire5writeEPKhj
 .text._ZN7TwoWire5writeEh
                0x00002a86       0x5e c:\users\bb21\Documents\Atmel Studio\7.0\ArduinoSketch1\ArduinoSketch1\ArduinoCore\Debug\libArduinoCore.a(Wire.o)
                0x00002a86                _ZN7TwoWire5writeEh
 .text._ZN7TwoWireC2Ev
                0x00002ae4       0x20 c:\users\bb21\Documents\Atmel Studio\7.0\ArduinoSketch1\ArduinoSketch1\ArduinoCore\Debug\libArduinoCore.a(Wire.o)
                0x00002ae4                _ZN7TwoWireC1Ev
                0x00002ae4                _ZN7TwoWireC2Ev
 .text._ZN7TwoWire5beginEv
                0x00002b04       0x24 c:\users\bb21\Documents\Atmel Studio\7.0\ArduinoSketch1\ArduinoSketch1\ArduinoCore\Debug\libArduinoCore.a(Wire.o)
                0x00002b04                _ZN7TwoWire5beginEv
 .text._ZN7TwoWire17beginTransmissionEh
                0x00002b28       0x14 c:\users\bb21\Documents\Atmel Studio\7.0\ArduinoSketch1\ArduinoSketch1\ArduinoCore\Debug\libArduinoCore.a(Wire.o)
                0x00002b28                _ZN7TwoWire17beginTransmissionEh
 .text._ZN7TwoWire15endTransmissionEh
                0x00002b3c       0x26 c:\users\bb21\Documents\Atmel Studio\7.0\ArduinoSketch1\ArduinoSketch1\ArduinoCore\Debug\libArduinoCore.a(Wire.o)
                0x00002b3c                _ZN7TwoWire15endTransmissionEh
 .text._ZN7TwoWire15endTransmissionEv
                0x00002b62        0x6 c:\users\bb21\Documents\Atmel Studio\7.0\ArduinoSketch1\ArduinoSketch1\ArduinoCore\Debug\libArduinoCore.a(Wire.o)
                0x00002b62                _ZN7TwoWire15endTransmissionEv
 .text.startup._GLOBAL__sub_I__ZN7TwoWire8rxBufferE
                0x00002b68        0x8 c:\users\bb21\Documents\Atmel Studio\7.0\ArduinoSketch1\ArduinoSketch1\ArduinoCore\Debug\libArduinoCore.a(Wire.o)
 .text.__empty  0x00002b70        0x2 c:\users\bb21\Documents\Atmel Studio\7.0\ArduinoSketch1\ArduinoSketch1\ArduinoCore\Debug\libArduinoCore.a(hooks.o)
                0x00002b70                yield
 .text.twi_init
                0x00002b72       0x3c c:\users\bb21\Documents\Atmel Studio\7.0\ArduinoSketch1\ArduinoSketch1\ArduinoCore\Debug\libArduinoCore.a(twi.o)
                0x00002b72                twi_init
 .text.twi_writeTo
                0x00002bae       0xac c:\users\bb21\Documents\Atmel Studio\7.0\ArduinoSketch1\ArduinoSketch1\ArduinoCore\Debug\libArduinoCore.a(twi.o)
                0x00002bae                twi_writeTo
 .text.twi_transmit
                0x00002c5a       0x50 c:\users\bb21\Documents\Atmel Studio\7.0\ArduinoSketch1\ArduinoSketch1\ArduinoCore\Debug\libArduinoCore.a(twi.o)
                0x00002c5a                twi_transmit
 .text.twi_attachSlaveRxEvent
                0x00002caa        0xa c:\users\bb21\Documents\Atmel Studio\7.0\ArduinoSketch1\ArduinoSketch1\ArduinoCore\Debug\libArduinoCore.a(twi.o)
                0x00002caa                twi_attachSlaveRxEvent
 .text.twi_attachSlaveTxEvent
                0x00002cb4        0xa c:\users\bb21\Documents\Atmel Studio\7.0\ArduinoSketch1\ArduinoSketch1\ArduinoCore\Debug\libArduinoCore.a(twi.o)
                0x00002cb4                twi_attachSlaveTxEvent
 .text.twi_stop
                0x00002cbe       0x14 c:\users\bb21\Documents\Atmel Studio\7.0\ArduinoSketch1\ArduinoSketch1\ArduinoCore\Debug\libArduinoCore.a(twi.o)
                0x00002cbe                twi_stop
 .text.twi_releaseBus
                0x00002cd2        0xc c:\users\bb21\Documents\Atmel Studio\7.0\ArduinoSketch1\ArduinoSketch1\ArduinoCore\Debug\libArduinoCore.a(twi.o)
                0x00002cd2                twi_releaseBus
 .text.__vector_24
                0x00002cde      0x25a c:\users\bb21\Documents\Atmel Studio\7.0\ArduinoSketch1\ArduinoSketch1\ArduinoCore\Debug\libArduinoCore.a(twi.o)
                0x00002cde                __vector_24
 .text.libgcc.div
                0x00002f38       0x28 e:/installed_softwares/atmelstudio7/7.0/toolchain/avr8/avr8-gnu-toolchain/bin/../lib/gcc/avr/5.4.0/avr5\libgcc.a(_divmodhi4.o)
                0x00002f38                _div
                0x00002f38                __divmodhi4
 .text.libgcc.div
                0x00002f60       0x44 e:/installed_softwares/atmelstudio7/7.0/toolchain/avr8/avr8-gnu-toolchain/bin/../lib/gcc/avr/5.4.0/avr5\libgcc.a(_udivmodsi4.o)
                0x00002f60                __udivmodsi4
 .text.libgcc.div
                0x00002fa4       0x2e e:/installed_softwares/atmelstudio7/7.0/toolchain/avr8/avr8-gnu-toolchain/bin/../lib/gcc/avr/5.4.0/avr5\libgcc.a(_divmodsi4.o)
                0x00002fa4                __divmodsi4
 .text.libgcc.div
                0x00002fd2       0x10 e:/installed_softwares/atmelstudio7/7.0/toolchain/avr8/avr8-gnu-toolchain/bin/../lib/gcc/avr/5.4.0/avr5\libgcc.a(_negsi2.o)
                0x00002fd2                __negsi2
 .text.libgcc   0x00002fe2        0xc e:/installed_softwares/atmelstudio7/7.0/toolchain/avr8/avr8-gnu-toolchain/bin/../lib/gcc/avr/5.4.0/avr5\libgcc.a(_tablejump2.o)
                0x00002fe2                __tablejump2__
 .text.libgcc.mul
                0x00002fee       0x16 e:/installed_softwares/atmelstudio7/7.0/toolchain/avr8/avr8-gnu-toolchain/bin/../lib/gcc/avr/5.4.0/avr5\libgcc.a(_muluhisi3.o)
                0x00002fee                __muluhisi3
 .text.libgcc.div
                0x00003004       0x28 e:/installed_softwares/atmelstudio7/7.0/toolchain/avr8/avr8-gnu-toolchain/bin/../lib/gcc/avr/5.4.0/avr5\libgcc.a(_udivmodhi4.o)
                0x00003004                __udivmodhi4
 .text.libgcc.mul
                0x0000302c       0x1e e:/installed_softwares/atmelstudio7/7.0/toolchain/avr8/avr8-gnu-toolchain/bin/../lib/gcc/avr/5.4.0/avr5\libgcc.a(_umulhisi3.o)
                0x0000302c                __umulhisi3
 .text.avr-libc
                0x0000304a      0x242 e:/installed_softwares/atmelstudio7/7.0/toolchain/avr8/avr8-gnu-toolchain/bin/../lib/gcc/avr/5.4.0/../../../../avr/lib/avr5\libc.a(malloc.o)
                0x0000304a                malloc
                0x0000317a                free
 .text.avr-libc
                0x0000328c      0x18c e:/installed_softwares/atmelstudio7/7.0/toolchain/avr8/avr8-gnu-toolchain/bin/../lib/gcc/avr/5.4.0/../../../../avr/lib/avr5\libc.a(realloc.o)
                0x0000328c                realloc
 .text.avr-libc
                0x00003418       0x12 e:/installed_softwares/atmelstudio7/7.0/toolchain/avr8/avr8-gnu-toolchain/bin/../lib/gcc/avr/5.4.0/../../../../avr/lib/avr5\libc.a(memcpy.o)
                0x00003418                memcpy
 .text.avr-libc
                0x0000342a       0x12 e:/installed_softwares/atmelstudio7/7.0/toolchain/avr8/avr8-gnu-toolchain/bin/../lib/gcc/avr/5.4.0/../../../../avr/lib/avr5\libc.a(strcmp.o)
                0x0000342a                strcmp
 .text.avr-libc
                0x0000343c        0xe e:/installed_softwares/atmelstudio7/7.0/toolchain/avr8/avr8-gnu-toolchain/bin/../lib/gcc/avr/5.4.0/../../../../avr/lib/avr5\libc.a(strcpy.o)
                0x0000343c                strcpy
 .text.libgcc.prologue
                0x0000344a       0x38 e:/installed_softwares/atmelstudio7/7.0/toolchain/avr8/avr8-gnu-toolchain/bin/../lib/gcc/avr/5.4.0/avr5\libgcc.a(_prologue.o)
                0x0000344a                __prologue_saves__
 .text.libgcc.prologue
                0x00003482       0x36 e:/installed_softwares/atmelstudio7/7.0/toolchain/avr8/avr8-gnu-toolchain/bin/../lib/gcc/avr/5.4.0/avr5\libgcc.a(_epilogue.o)
                0x00003482                __epilogue_restores__
                0x000034b8                . = ALIGN (0x2)
 *(.fini9)
 .fini9         0x000034b8        0x0 e:/installed_softwares/atmelstudio7/7.0/toolchain/avr8/avr8-gnu-toolchain/bin/../lib/gcc/avr/5.4.0/avr5\libgcc.a(_exit.o)
                0x000034b8                _exit
                0x000034b8                exit
 *(.fini9)
 *(.fini8)
 *(.fini8)
 *(.fini7)
 *(.fini7)
 *(.fini6)
 .fini6         0x000034b8       0x16 e:/installed_softwares/atmelstudio7/7.0/toolchain/avr8/avr8-gnu-toolchain/bin/../lib/gcc/avr/5.4.0/avr5\libgcc.a(_dtors.o)
                0x000034b8                __do_global_dtors
 *(.fini6)
 *(.fini5)
 *(.fini5)
 *(.fini4)
 *(.fini4)
 *(.fini3)
 *(.fini3)
 *(.fini2)
 *(.fini2)
 *(.fini1)
 *(.fini1)
 *(.fini0)
 .fini0         0x000034ce        0x4 e:/installed_softwares/atmelstudio7/7.0/toolchain/avr8/avr8-gnu-toolchain/bin/../lib/gcc/avr/5.4.0/avr5\libgcc.a(_exit.o)
 *(.fini0)
                0x000034d2                _etext = .

.data           0x00800100      0x4be load address 0x000034d2
                0x00800100                PROVIDE (__data_start, .)
 *(.data)
 .data          0x00800100        0x6 e:/installed_softwares/atmelstudio7/7.0/toolchain/avr8/avr8-gnu-toolchain/bin/../lib/gcc/avr/5.4.0/../../../../avr/lib/avr5\libc.a(malloc.o)
                0x00800100                __malloc_heap_end
                0x00800102                __malloc_heap_start
                0x00800104                __malloc_margin
 *(.data*)
 .data.Ledpin   0x00800106        0x2 Sketch.o
                0x00800106                Ledpin
 .data.Lockpin  0x00800108        0x2 Sketch.o
                0x00800108                Lockpin
 *(.gnu.linkonce.d*)
 *(.rodata)
 .rodata        0x0080010a        0x6 c:\users\bb21\Documents\Atmel Studio\7.0\ArduinoSketch1\ArduinoSketch1\ArduinoCore\Debug\libArduinoCore.a(Adafruit_Fingerprint.o)
 .rodata        0x00800110        0x8 c:\users\bb21\Documents\Atmel Studio\7.0\ArduinoSketch1\ArduinoSketch1\ArduinoCore\Debug\libArduinoCore.a(LiquidCrystal_I2C.o)
 *(.rodata*)
 .rodata.str1.1
                0x00800118      0x455 Sketch.o
                                0x45f (size before relaxing)
 .rodata._ZTV14HardwareSerial
                0x0080056d       0x12 c:\users\bb21\Documents\Atmel Studio\7.0\ArduinoSketch1\ArduinoSketch1\ArduinoCore\Debug\libArduinoCore.a(HardwareSerial.o)
                0x0080056d                _ZTV14HardwareSerial
 .rodata.str1.1
                0x0080057f        0xf c:\users\bb21\Documents\Atmel Studio\7.0\ArduinoSketch1\ArduinoSketch1\ArduinoCore\Debug\libArduinoCore.a(Print.o)
 .rodata.str1.1
                0x0080058e        0x1 c:\users\bb21\Documents\Atmel Studio\7.0\ArduinoSketch1\ArduinoSketch1\ArduinoCore\Debug\libArduinoCore.a(Stream.o)
 .rodata._ZTV17LiquidCrystal_I2C
                0x0080058e        0xc c:\users\bb21\Documents\Atmel Studio\7.0\ArduinoSketch1\ArduinoSketch1\ArduinoCore\Debug\libArduinoCore.a(LiquidCrystal_I2C.o)
                0x0080058e                _ZTV17LiquidCrystal_I2C
 .rodata._ZTV14SoftwareSerial
                0x0080059a       0x12 c:\users\bb21\Documents\Atmel Studio\7.0\ArduinoSketch1\ArduinoSketch1\ArduinoCore\Debug\libArduinoCore.a(SoftwareSerial.o)
                0x0080059a                _ZTV14SoftwareSerial
 .rodata._ZTV7TwoWire
                0x008005ac       0x12 c:\users\bb21\Documents\Atmel Studio\7.0\ArduinoSketch1\ArduinoSketch1\ArduinoCore\Debug\libArduinoCore.a(Wire.o)
                0x008005ac                _ZTV7TwoWire
 *(.gnu.linkonce.r*)
                0x008005be                . = ALIGN (0x2)
                0x008005be                _edata = .
                0x008005be                PROVIDE (__data_end, .)

.bss            0x008005be      0x20c
                0x008005be                PROVIDE (__bss_start, .)
 *(.bss)
 *(.bss*)
 .bss.id        0x008005be        0x1 Sketch.o
                0x008005be                id
 .bss.finger    0x008005bf       0x28 Sketch.o
                0x008005bf                finger
 .bss.username  0x008005e7        0x6 Sketch.o
                0x008005e7                username
 .bss.lcd       0x008005ed        0xc Sketch.o
                0x008005ed                lcd
 .bss.mySerial  0x008005f9       0x1f Sketch.o
                0x008005f9                mySerial
 .bss.Serial    0x00800618       0x9d c:\users\bb21\Documents\Atmel Studio\7.0\ArduinoSketch1\ArduinoSketch1\ArduinoCore\Debug\libArduinoCore.a(HardwareSerial0.o)
                0x00800618                Serial
 .bss.timer0_fract
                0x008006b5        0x1 c:\users\bb21\Documents\Atmel Studio\7.0\ArduinoSketch1\ArduinoSketch1\ArduinoCore\Debug\libArduinoCore.a(wiring.o)
 .bss.timer0_millis
                0x008006b6        0x4 c:\users\bb21\Documents\Atmel Studio\7.0\ArduinoSketch1\ArduinoSketch1\ArduinoCore\Debug\libArduinoCore.a(wiring.o)
                0x008006b6                timer0_millis
 .bss.timer0_overflow_count
                0x008006ba        0x4 c:\users\bb21\Documents\Atmel Studio\7.0\ArduinoSketch1\ArduinoSketch1\ArduinoCore\Debug\libArduinoCore.a(wiring.o)
                0x008006ba                timer0_overflow_count
 .bss._ZN14SoftwareSerial20_receive_buffer_headE
                0x008006be        0x1 c:\users\bb21\Documents\Atmel Studio\7.0\ArduinoSketch1\ArduinoSketch1\ArduinoCore\Debug\libArduinoCore.a(SoftwareSerial.o)
                0x008006be                _ZN14SoftwareSerial20_receive_buffer_headE
 .bss._ZN14SoftwareSerial20_receive_buffer_tailE
                0x008006bf        0x1 c:\users\bb21\Documents\Atmel Studio\7.0\ArduinoSketch1\ArduinoSketch1\ArduinoCore\Debug\libArduinoCore.a(SoftwareSerial.o)
                0x008006bf                _ZN14SoftwareSerial20_receive_buffer_tailE
 .bss._ZN14SoftwareSerial15_receive_bufferE
                0x008006c0       0x40 c:\users\bb21\Documents\Atmel Studio\7.0\ArduinoSketch1\ArduinoSketch1\ArduinoCore\Debug\libArduinoCore.a(SoftwareSerial.o)
                0x008006c0                _ZN14SoftwareSerial15_receive_bufferE
 .bss._ZN14SoftwareSerial13active_objectE
                0x00800700        0x2 c:\users\bb21\Documents\Atmel Studio\7.0\ArduinoSketch1\ArduinoSketch1\ArduinoCore\Debug\libArduinoCore.a(SoftwareSerial.o)
                0x00800700                _ZN14SoftwareSerial13active_objectE
 .bss.Wire      0x00800702        0xc c:\users\bb21\Documents\Atmel Studio\7.0\ArduinoSketch1\ArduinoSketch1\ArduinoCore\Debug\libArduinoCore.a(Wire.o)
                0x00800702                Wire
 .bss._ZN7TwoWire14user_onReceiveE
                0x0080070e        0x2 c:\users\bb21\Documents\Atmel Studio\7.0\ArduinoSketch1\ArduinoSketch1\ArduinoCore\Debug\libArduinoCore.a(Wire.o)
                0x0080070e                _ZN7TwoWire14user_onReceiveE
 .bss._ZN7TwoWire14user_onRequestE
                0x00800710        0x2 c:\users\bb21\Documents\Atmel Studio\7.0\ArduinoSketch1\ArduinoSketch1\ArduinoCore\Debug\libArduinoCore.a(Wire.o)
                0x00800710                _ZN7TwoWire14user_onRequestE
 .bss._ZN7TwoWire12transmittingE
                0x00800712        0x1 c:\users\bb21\Documents\Atmel Studio\7.0\ArduinoSketch1\ArduinoSketch1\ArduinoCore\Debug\libArduinoCore.a(Wire.o)
                0x00800712                _ZN7TwoWire12transmittingE
 .bss._ZN7TwoWire14txBufferLengthE
                0x00800713        0x1 c:\users\bb21\Documents\Atmel Studio\7.0\ArduinoSketch1\ArduinoSketch1\ArduinoCore\Debug\libArduinoCore.a(Wire.o)
                0x00800713                _ZN7TwoWire14txBufferLengthE
 .bss._ZN7TwoWire13txBufferIndexE
                0x00800714        0x1 c:\users\bb21\Documents\Atmel Studio\7.0\ArduinoSketch1\ArduinoSketch1\ArduinoCore\Debug\libArduinoCore.a(Wire.o)
                0x00800714                _ZN7TwoWire13txBufferIndexE
 .bss._ZN7TwoWire8txBufferE
                0x00800715       0x20 c:\users\bb21\Documents\Atmel Studio\7.0\ArduinoSketch1\ArduinoSketch1\ArduinoCore\Debug\libArduinoCore.a(Wire.o)
                0x00800715                _ZN7TwoWire8txBufferE
 .bss._ZN7TwoWire9txAddressE
                0x00800735        0x1 c:\users\bb21\Documents\Atmel Studio\7.0\ArduinoSketch1\ArduinoSketch1\ArduinoCore\Debug\libArduinoCore.a(Wire.o)
                0x00800735                _ZN7TwoWire9txAddressE
 .bss._ZN7TwoWire14rxBufferLengthE
                0x00800736        0x1 c:\users\bb21\Documents\Atmel Studio\7.0\ArduinoSketch1\ArduinoSketch1\ArduinoCore\Debug\libArduinoCore.a(Wire.o)
                0x00800736                _ZN7TwoWire14rxBufferLengthE
 .bss._ZN7TwoWire13rxBufferIndexE
                0x00800737        0x1 c:\users\bb21\Documents\Atmel Studio\7.0\ArduinoSketch1\ArduinoSketch1\ArduinoCore\Debug\libArduinoCore.a(Wire.o)
                0x00800737                _ZN7TwoWire13rxBufferIndexE
 .bss._ZN7TwoWire8rxBufferE
                0x00800738       0x20 c:\users\bb21\Documents\Atmel Studio\7.0\ArduinoSketch1\ArduinoSketch1\ArduinoCore\Debug\libArduinoCore.a(Wire.o)
                0x00800738                _ZN7TwoWire8rxBufferE
 .bss.twi_error
                0x00800758        0x1 c:\users\bb21\Documents\Atmel Studio\7.0\ArduinoSketch1\ArduinoSketch1\ArduinoCore\Debug\libArduinoCore.a(twi.o)
 .bss.twi_rxBufferIndex
                0x00800759        0x1 c:\users\bb21\Documents\Atmel Studio\7.0\ArduinoSketch1\ArduinoSketch1\ArduinoCore\Debug\libArduinoCore.a(twi.o)
 .bss.twi_rxBuffer
                0x0080075a       0x20 c:\users\bb21\Documents\Atmel Studio\7.0\ArduinoSketch1\ArduinoSketch1\ArduinoCore\Debug\libArduinoCore.a(twi.o)
 .bss.twi_txBufferLength
                0x0080077a        0x1 c:\users\bb21\Documents\Atmel Studio\7.0\ArduinoSketch1\ArduinoSketch1\ArduinoCore\Debug\libArduinoCore.a(twi.o)
 .bss.twi_txBufferIndex
                0x0080077b        0x1 c:\users\bb21\Documents\Atmel Studio\7.0\ArduinoSketch1\ArduinoSketch1\ArduinoCore\Debug\libArduinoCore.a(twi.o)
 .bss.twi_txBuffer
                0x0080077c       0x20 c:\users\bb21\Documents\Atmel Studio\7.0\ArduinoSketch1\ArduinoSketch1\ArduinoCore\Debug\libArduinoCore.a(twi.o)
 .bss.twi_masterBufferLength
                0x0080079c        0x1 c:\users\bb21\Documents\Atmel Studio\7.0\ArduinoSketch1\ArduinoSketch1\ArduinoCore\Debug\libArduinoCore.a(twi.o)
 .bss.twi_masterBufferIndex
                0x0080079d        0x1 c:\users\bb21\Documents\Atmel Studio\7.0\ArduinoSketch1\ArduinoSketch1\ArduinoCore\Debug\libArduinoCore.a(twi.o)
 .bss.twi_masterBuffer
                0x0080079e       0x20 c:\users\bb21\Documents\Atmel Studio\7.0\ArduinoSketch1\ArduinoSketch1\ArduinoCore\Debug\libArduinoCore.a(twi.o)
 .bss.twi_onSlaveReceive
                0x008007be        0x2 c:\users\bb21\Documents\Atmel Studio\7.0\ArduinoSketch1\ArduinoSketch1\ArduinoCore\Debug\libArduinoCore.a(twi.o)
 .bss.twi_onSlaveTransmit
                0x008007c0        0x2 c:\users\bb21\Documents\Atmel Studio\7.0\ArduinoSketch1\ArduinoSketch1\ArduinoCore\Debug\libArduinoCore.a(twi.o)
 .bss.twi_inRepStart
                0x008007c2        0x1 c:\users\bb21\Documents\Atmel Studio\7.0\ArduinoSketch1\ArduinoSketch1\ArduinoCore\Debug\libArduinoCore.a(twi.o)
 .bss.twi_sendStop
                0x008007c3        0x1 c:\users\bb21\Documents\Atmel Studio\7.0\ArduinoSketch1\ArduinoSketch1\ArduinoCore\Debug\libArduinoCore.a(twi.o)
 .bss.twi_slarw
                0x008007c4        0x1 c:\users\bb21\Documents\Atmel Studio\7.0\ArduinoSketch1\ArduinoSketch1\ArduinoCore\Debug\libArduinoCore.a(twi.o)
 .bss.twi_state
                0x008007c5        0x1 c:\users\bb21\Documents\Atmel Studio\7.0\ArduinoSketch1\ArduinoSketch1\ArduinoCore\Debug\libArduinoCore.a(twi.o)
 *(COMMON)
 COMMON         0x008007c6        0x4 e:/installed_softwares/atmelstudio7/7.0/toolchain/avr8/avr8-gnu-toolchain/bin/../lib/gcc/avr/5.4.0/../../../../avr/lib/avr5\libc.a(malloc.o)
                0x008007c6                __brkval
                0x008007c8                __flp
                0x008007ca                PROVIDE (__bss_end, .)
                0x000034d2                __data_load_start = LOADADDR (.data)
                0x00003990                __data_load_end = (__data_load_start + SIZEOF (.data))

.noinit         0x008007ca        0x0
                [!provide]                PROVIDE (__noinit_start, .)
 *(.noinit*)
                [!provide]                PROVIDE (__noinit_end, .)
                0x008007ca                _end = .
                0x008007ca                PROVIDE (__heap_start, .)

.eeprom         0x00810000        0x0
 *(.eeprom*)
                0x00810000                __eeprom_end = .

.fuse
 *(.fuse)
 *(.lfuse)
 *(.hfuse)
 *(.efuse)

.lock
 *(.lock*)

.signature
 *(.signature*)

.user_signatures
 *(.user_signatures*)

.stab
 *(.stab)

.stabstr
 *(.stabstr)

.stab.excl
 *(.stab.excl)

.stab.exclstr
 *(.stab.exclstr)

.stab.index
 *(.stab.index)

.stab.indexstr
 *(.stab.indexstr)

.comment        0x00000000       0x30
 *(.comment)
 .comment       0x00000000       0x30 Sketch.o
                                 0x31 (size before relaxing)
 .comment       0x00000030       0x31 c:\users\bb21\Documents\Atmel Studio\7.0\ArduinoSketch1\ArduinoSketch1\ArduinoCore\Debug\libArduinoCore.a(HardwareSerial.o)
 .comment       0x00000030       0x31 c:\users\bb21\Documents\Atmel Studio\7.0\ArduinoSketch1\ArduinoSketch1\ArduinoCore\Debug\libArduinoCore.a(HardwareSerial0.o)
 .comment       0x00000030       0x31 c:\users\bb21\Documents\Atmel Studio\7.0\ArduinoSketch1\ArduinoSketch1\ArduinoCore\Debug\libArduinoCore.a(main.o)
 .comment       0x00000030       0x31 c:\users\bb21\Documents\Atmel Studio\7.0\ArduinoSketch1\ArduinoSketch1\ArduinoCore\Debug\libArduinoCore.a(Print.o)
 .comment       0x00000030       0x31 c:\users\bb21\Documents\Atmel Studio\7.0\ArduinoSketch1\ArduinoSketch1\ArduinoCore\Debug\libArduinoCore.a(Stream.o)
 .comment       0x00000030       0x31 c:\users\bb21\Documents\Atmel Studio\7.0\ArduinoSketch1\ArduinoSketch1\ArduinoCore\Debug\libArduinoCore.a(wiring.o)
 .comment       0x00000030       0x31 c:\users\bb21\Documents\Atmel Studio\7.0\ArduinoSketch1\ArduinoSketch1\ArduinoCore\Debug\libArduinoCore.a(wiring_digital.o)
 .comment       0x00000030       0x31 c:\users\bb21\Documents\Atmel Studio\7.0\ArduinoSketch1\ArduinoSketch1\ArduinoCore\Debug\libArduinoCore.a(WString.o)
 .comment       0x00000030       0x31 c:\users\bb21\Documents\Atmel Studio\7.0\ArduinoSketch1\ArduinoSketch1\ArduinoCore\Debug\libArduinoCore.a(Adafruit_Fingerprint.o)
 .comment       0x00000030       0x31 c:\users\bb21\Documents\Atmel Studio\7.0\ArduinoSketch1\ArduinoSketch1\ArduinoCore\Debug\libArduinoCore.a(LiquidCrystal_I2C.o)
 .comment       0x00000030       0x31 c:\users\bb21\Documents\Atmel Studio\7.0\ArduinoSketch1\ArduinoSketch1\ArduinoCore\Debug\libArduinoCore.a(SoftwareSerial.o)
 .comment       0x00000030       0x31 c:\users\bb21\Documents\Atmel Studio\7.0\ArduinoSketch1\ArduinoSketch1\ArduinoCore\Debug\libArduinoCore.a(Wire.o)
 .comment       0x00000030       0x31 c:\users\bb21\Documents\Atmel Studio\7.0\ArduinoSketch1\ArduinoSketch1\ArduinoCore\Debug\libArduinoCore.a(hooks.o)
 .comment       0x00000030       0x31 c:\users\bb21\Documents\Atmel Studio\7.0\ArduinoSketch1\ArduinoSketch1\ArduinoCore\Debug\libArduinoCore.a(twi.o)
 .comment       0x00000030       0x31 e:/installed_softwares/atmelstudio7/7.0/toolchain/avr8/avr8-gnu-toolchain/bin/../lib/gcc/avr/5.4.0/../../../../avr/lib/avr5\libc.a(malloc.o)
 .comment       0x00000030       0x31 e:/installed_softwares/atmelstudio7/7.0/toolchain/avr8/avr8-gnu-toolchain/bin/../lib/gcc/avr/5.4.0/../../../../avr/lib/avr5\libc.a(realloc.o)

.note.gnu.avr.deviceinfo
                0x00000000       0x40
 .note.gnu.avr.deviceinfo
                0x00000000       0x40 E:/Installed_Softwares/AtmelStudio7/7.0/Packs/atmel/ATmega_DFP/1.2.209/gcc/dev/atmega328p/avr5/crtatmega328p.o

.note.gnu.build-id
 *(.note.gnu.build-id)

.debug
 *(.debug)

.line
 *(.line)

.debug_srcinfo
 *(.debug_srcinfo)

.debug_sfnames
 *(.debug_sfnames)

.debug_aranges  0x00000000      0xa10
 *(.debug_aranges)
 .debug_aranges
                0x00000000       0x58 Sketch.o
 .debug_aranges
                0x00000058       0x68 c:\users\bb21\Documents\Atmel Studio\7.0\ArduinoSketch1\ArduinoSketch1\ArduinoCore\Debug\libArduinoCore.a(HardwareSerial.o)
 .debug_aranges
                0x000000c0       0x48 c:\users\bb21\Documents\Atmel Studio\7.0\ArduinoSketch1\ArduinoSketch1\ArduinoCore\Debug\libArduinoCore.a(HardwareSerial0.o)
 .debug_aranges
                0x00000108       0x30 c:\users\bb21\Documents\Atmel Studio\7.0\ArduinoSketch1\ArduinoSketch1\ArduinoCore\Debug\libArduinoCore.a(main.o)
 .debug_aranges
                0x00000138      0x100 c:\users\bb21\Documents\Atmel Studio\7.0\ArduinoSketch1\ArduinoSketch1\ArduinoCore\Debug\libArduinoCore.a(Print.o)
 .debug_aranges
                0x00000238       0x98 c:\users\bb21\Documents\Atmel Studio\7.0\ArduinoSketch1\ArduinoSketch1\ArduinoCore\Debug\libArduinoCore.a(Stream.o)
 .debug_aranges
                0x000002d0       0x48 c:\users\bb21\Documents\Atmel Studio\7.0\ArduinoSketch1\ArduinoSketch1\ArduinoCore\Debug\libArduinoCore.a(wiring.o)
 .debug_aranges
                0x00000318       0x38 c:\users\bb21\Documents\Atmel Studio\7.0\ArduinoSketch1\ArduinoSketch1\ArduinoCore\Debug\libArduinoCore.a(wiring_digital.o)
 .debug_aranges
                0x00000350      0x2b8 c:\users\bb21\Documents\Atmel Studio\7.0\ArduinoSketch1\ArduinoSketch1\ArduinoCore\Debug\libArduinoCore.a(WString.o)
 .debug_aranges
                0x00000608       0xb0 c:\users\bb21\Documents\Atmel Studio\7.0\ArduinoSketch1\ArduinoSketch1\ArduinoCore\Debug\libArduinoCore.a(Adafruit_Fingerprint.o)
 .debug_aranges
                0x000006b8      0x118 c:\users\bb21\Documents\Atmel Studio\7.0\ArduinoSketch1\ArduinoSketch1\ArduinoCore\Debug\libArduinoCore.a(LiquidCrystal_I2C.o)
 .debug_aranges
                0x000007d0       0xa8 c:\users\bb21\Documents\Atmel Studio\7.0\ArduinoSketch1\ArduinoSketch1\ArduinoCore\Debug\libArduinoCore.a(SoftwareSerial.o)
 .debug_aranges
                0x00000878       0xf8 c:\users\bb21\Documents\Atmel Studio\7.0\ArduinoSketch1\ArduinoSketch1\ArduinoCore\Debug\libArduinoCore.a(Wire.o)
 .debug_aranges
                0x00000970       0x20 c:\users\bb21\Documents\Atmel Studio\7.0\ArduinoSketch1\ArduinoSketch1\ArduinoCore\Debug\libArduinoCore.a(hooks.o)
 .debug_aranges
                0x00000990       0x80 c:\users\bb21\Documents\Atmel Studio\7.0\ArduinoSketch1\ArduinoSketch1\ArduinoCore\Debug\libArduinoCore.a(twi.o)

.debug_pubnames
 *(.debug_pubnames)

.debug_info     0x00000000    0x1a930
 *(.debug_info .gnu.linkonce.wi.*)
 .debug_info    0x00000000      0x5f4 E:/Installed_Softwares/AtmelStudio7/7.0/Packs/atmel/ATmega_DFP/1.2.209/gcc/dev/atmega328p/avr5/crtatmega328p.o
 .debug_info    0x000005f4     0x3ad1 Sketch.o
 .debug_info    0x000040c5     0x1f64 c:\users\bb21\Documents\Atmel Studio\7.0\ArduinoSketch1\ArduinoSketch1\ArduinoCore\Debug\libArduinoCore.a(HardwareSerial.o)
 .debug_info    0x00006029     0x1b16 c:\users\bb21\Documents\Atmel Studio\7.0\ArduinoSketch1\ArduinoSketch1\ArduinoCore\Debug\libArduinoCore.a(HardwareSerial0.o)
 .debug_info    0x00007b3f      0x237 c:\users\bb21\Documents\Atmel Studio\7.0\ArduinoSketch1\ArduinoSketch1\ArduinoCore\Debug\libArduinoCore.a(main.o)
 .debug_info    0x00007d76     0x28ff c:\users\bb21\Documents\Atmel Studio\7.0\ArduinoSketch1\ArduinoSketch1\ArduinoCore\Debug\libArduinoCore.a(Print.o)
 .debug_info    0x0000a675     0x215e c:\users\bb21\Documents\Atmel Studio\7.0\ArduinoSketch1\ArduinoSketch1\ArduinoCore\Debug\libArduinoCore.a(Stream.o)
 .debug_info    0x0000c7d3      0x2cb c:\users\bb21\Documents\Atmel Studio\7.0\ArduinoSketch1\ArduinoSketch1\ArduinoCore\Debug\libArduinoCore.a(wiring.o)
 .debug_info    0x0000ca9e      0x5fe c:\users\bb21\Documents\Atmel Studio\7.0\ArduinoSketch1\ArduinoSketch1\ArduinoCore\Debug\libArduinoCore.a(wiring_digital.o)
 .debug_info    0x0000d09c     0x4338 c:\users\bb21\Documents\Atmel Studio\7.0\ArduinoSketch1\ArduinoSketch1\ArduinoCore\Debug\libArduinoCore.a(WString.o)
 .debug_info    0x000113d4     0x2970 c:\users\bb21\Documents\Atmel Studio\7.0\ArduinoSketch1\ArduinoSketch1\ArduinoCore\Debug\libArduinoCore.a(Adafruit_Fingerprint.o)
 .debug_info    0x00013d44     0x1508 c:\users\bb21\Documents\Atmel Studio\7.0\ArduinoSketch1\ArduinoSketch1\ArduinoCore\Debug\libArduinoCore.a(LiquidCrystal_I2C.o)
 .debug_info    0x0001524c     0x28f2 c:\users\bb21\Documents\Atmel Studio\7.0\ArduinoSketch1\ArduinoSketch1\ArduinoCore\Debug\libArduinoCore.a(SoftwareSerial.o)
 .debug_info    0x00017b3e     0x27b0 c:\users\bb21\Documents\Atmel Studio\7.0\ArduinoSketch1\ArduinoSketch1\ArduinoCore\Debug\libArduinoCore.a(Wire.o)
 .debug_info    0x0001a2ee       0x3e c:\users\bb21\Documents\Atmel Studio\7.0\ArduinoSketch1\ArduinoSketch1\ArduinoCore\Debug\libArduinoCore.a(hooks.o)
 .debug_info    0x0001a32c      0x604 c:\users\bb21\Documents\Atmel Studio\7.0\ArduinoSketch1\ArduinoSketch1\ArduinoCore\Debug\libArduinoCore.a(twi.o)

.debug_abbrev   0x00000000     0x3a9e
 *(.debug_abbrev)
 .debug_abbrev  0x00000000      0x5a2 E:/Installed_Softwares/AtmelStudio7/7.0/Packs/atmel/ATmega_DFP/1.2.209/gcc/dev/atmega328p/avr5/crtatmega328p.o
 .debug_abbrev  0x000005a2      0x500 Sketch.o
 .debug_abbrev  0x00000aa2      0x4b7 c:\users\bb21\Documents\Atmel Studio\7.0\ArduinoSketch1\ArduinoSketch1\ArduinoCore\Debug\libArduinoCore.a(HardwareSerial.o)
 .debug_abbrev  0x00000f59      0x3ce c:\users\bb21\Documents\Atmel Studio\7.0\ArduinoSketch1\ArduinoSketch1\ArduinoCore\Debug\libArduinoCore.a(HardwareSerial0.o)
 .debug_abbrev  0x00001327      0x12d c:\users\bb21\Documents\Atmel Studio\7.0\ArduinoSketch1\ArduinoSketch1\ArduinoCore\Debug\libArduinoCore.a(main.o)
 .debug_abbrev  0x00001454      0x47a c:\users\bb21\Documents\Atmel Studio\7.0\ArduinoSketch1\ArduinoSketch1\ArduinoCore\Debug\libArduinoCore.a(Print.o)
 .debug_abbrev  0x000018ce      0x487 c:\users\bb21\Documents\Atmel Studio\7.0\ArduinoSketch1\ArduinoSketch1\ArduinoCore\Debug\libArduinoCore.a(Stream.o)
 .debug_abbrev  0x00001d55      0x146 c:\users\bb21\Documents\Atmel Studio\7.0\ArduinoSketch1\ArduinoSketch1\ArduinoCore\Debug\libArduinoCore.a(wiring.o)
 .debug_abbrev  0x00001e9b      0x15b c:\users\bb21\Documents\Atmel Studio\7.0\ArduinoSketch1\ArduinoSketch1\ArduinoCore\Debug\libArduinoCore.a(wiring_digital.o)
 .debug_abbrev  0x00001ff6      0x4c2 c:\users\bb21\Documents\Atmel Studio\7.0\ArduinoSketch1\ArduinoSketch1\ArduinoCore\Debug\libArduinoCore.a(WString.o)
 .debug_abbrev  0x000024b8      0x47a c:\users\bb21\Documents\Atmel Studio\7.0\ArduinoSketch1\ArduinoSketch1\ArduinoCore\Debug\libArduinoCore.a(Adafruit_Fingerprint.o)
 .debug_abbrev  0x00002932      0x356 c:\users\bb21\Documents\Atmel Studio\7.0\ArduinoSketch1\ArduinoSketch1\ArduinoCore\Debug\libArduinoCore.a(LiquidCrystal_I2C.o)
 .debug_abbrev  0x00002c88      0x60b c:\users\bb21\Documents\Atmel Studio\7.0\ArduinoSketch1\ArduinoSketch1\ArduinoCore\Debug\libArduinoCore.a(SoftwareSerial.o)
 .debug_abbrev  0x00003293      0x581 c:\users\bb21\Documents\Atmel Studio\7.0\ArduinoSketch1\ArduinoSketch1\ArduinoCore\Debug\libArduinoCore.a(Wire.o)
 .debug_abbrev  0x00003814       0x2a c:\users\bb21\Documents\Atmel Studio\7.0\ArduinoSketch1\ArduinoSketch1\ArduinoCore\Debug\libArduinoCore.a(hooks.o)
 .debug_abbrev  0x0000383e      0x260 c:\users\bb21\Documents\Atmel Studio\7.0\ArduinoSketch1\ArduinoSketch1\ArduinoCore\Debug\libArduinoCore.a(twi.o)

.debug_line     0x00000000     0x585b
 *(.debug_line .debug_line.* .debug_line_end)
 .debug_line    0x00000000      0x133 E:/Installed_Softwares/AtmelStudio7/7.0/Packs/atmel/ATmega_DFP/1.2.209/gcc/dev/atmega328p/avr5/crtatmega328p.o
 .debug_line    0x00000133      0x840 Sketch.o
 .debug_line    0x00000973      0x4c4 c:\users\bb21\Documents\Atmel Studio\7.0\ArduinoSketch1\ArduinoSketch1\ArduinoCore\Debug\libArduinoCore.a(HardwareSerial.o)
 .debug_line    0x00000e37      0x28c c:\users\bb21\Documents\Atmel Studio\7.0\ArduinoSketch1\ArduinoSketch1\ArduinoCore\Debug\libArduinoCore.a(HardwareSerial0.o)
 .debug_line    0x000010c3      0x165 c:\users\bb21\Documents\Atmel Studio\7.0\ArduinoSketch1\ArduinoSketch1\ArduinoCore\Debug\libArduinoCore.a(main.o)
 .debug_line    0x00001228      0x685 c:\users\bb21\Documents\Atmel Studio\7.0\ArduinoSketch1\ArduinoSketch1\ArduinoCore\Debug\libArduinoCore.a(Print.o)
 .debug_line    0x000018ad      0x5f7 c:\users\bb21\Documents\Atmel Studio\7.0\ArduinoSketch1\ArduinoSketch1\ArduinoCore\Debug\libArduinoCore.a(Stream.o)
 .debug_line    0x00001ea4      0x299 c:\users\bb21\Documents\Atmel Studio\7.0\ArduinoSketch1\ArduinoSketch1\ArduinoCore\Debug\libArduinoCore.a(wiring.o)
 .debug_line    0x0000213d      0x252 c:\users\bb21\Documents\Atmel Studio\7.0\ArduinoSketch1\ArduinoSketch1\ArduinoCore\Debug\libArduinoCore.a(wiring_digital.o)
 .debug_line    0x0000238f     0x1355 c:\users\bb21\Documents\Atmel Studio\7.0\ArduinoSketch1\ArduinoSketch1\ArduinoCore\Debug\libArduinoCore.a(WString.o)
 .debug_line    0x000036e4      0x782 c:\users\bb21\Documents\Atmel Studio\7.0\ArduinoSketch1\ArduinoSketch1\ArduinoCore\Debug\libArduinoCore.a(Adafruit_Fingerprint.o)
 .debug_line    0x00003e66      0x702 c:\users\bb21\Documents\Atmel Studio\7.0\ArduinoSketch1\ArduinoSketch1\ArduinoCore\Debug\libArduinoCore.a(LiquidCrystal_I2C.o)
 .debug_line    0x00004568      0x7d1 c:\users\bb21\Documents\Atmel Studio\7.0\ArduinoSketch1\ArduinoSketch1\ArduinoCore\Debug\libArduinoCore.a(SoftwareSerial.o)
 .debug_line    0x00004d39      0x5ec c:\users\bb21\Documents\Atmel Studio\7.0\ArduinoSketch1\ArduinoSketch1\ArduinoCore\Debug\libArduinoCore.a(Wire.o)
 .debug_line    0x00005325       0x41 c:\users\bb21\Documents\Atmel Studio\7.0\ArduinoSketch1\ArduinoSketch1\ArduinoCore\Debug\libArduinoCore.a(hooks.o)
 .debug_line    0x00005366      0x4f5 c:\users\bb21\Documents\Atmel Studio\7.0\ArduinoSketch1\ArduinoSketch1\ArduinoCore\Debug\libArduinoCore.a(twi.o)

.debug_frame    0x00000000     0x20c4
 *(.debug_frame)
 .debug_frame   0x00000000       0xf0 Sketch.o
 .debug_frame   0x000000f0      0x110 c:\users\bb21\Documents\Atmel Studio\7.0\ArduinoSketch1\ArduinoSketch1\ArduinoCore\Debug\libArduinoCore.a(HardwareSerial.o)
 .debug_frame   0x00000200       0xe0 c:\users\bb21\Documents\Atmel Studio\7.0\ArduinoSketch1\ArduinoSketch1\ArduinoCore\Debug\libArduinoCore.a(HardwareSerial0.o)
 .debug_frame   0x000002e0       0x54 c:\users\bb21\Documents\Atmel Studio\7.0\ArduinoSketch1\ArduinoSketch1\ArduinoCore\Debug\libArduinoCore.a(main.o)
 .debug_frame   0x00000334      0x3ac c:\users\bb21\Documents\Atmel Studio\7.0\ArduinoSketch1\ArduinoSketch1\ArduinoCore\Debug\libArduinoCore.a(Print.o)
 .debug_frame   0x000006e0      0x2e4 c:\users\bb21\Documents\Atmel Studio\7.0\ArduinoSketch1\ArduinoSketch1\ArduinoCore\Debug\libArduinoCore.a(Stream.o)
 .debug_frame   0x000009c4       0xc4 c:\users\bb21\Documents\Atmel Studio\7.0\ArduinoSketch1\ArduinoSketch1\ArduinoCore\Debug\libArduinoCore.a(wiring.o)
 .debug_frame   0x00000a88       0x7c c:\users\bb21\Documents\Atmel Studio\7.0\ArduinoSketch1\ArduinoSketch1\ArduinoCore\Debug\libArduinoCore.a(wiring_digital.o)
 .debug_frame   0x00000b04      0xa60 c:\users\bb21\Documents\Atmel Studio\7.0\ArduinoSketch1\ArduinoSketch1\ArduinoCore\Debug\libArduinoCore.a(WString.o)
 .debug_frame   0x00001564      0x318 c:\users\bb21\Documents\Atmel Studio\7.0\ArduinoSketch1\ArduinoSketch1\ArduinoCore\Debug\libArduinoCore.a(Adafruit_Fingerprint.o)
 .debug_frame   0x0000187c      0x29c c:\users\bb21\Documents\Atmel Studio\7.0\ArduinoSketch1\ArduinoSketch1\ArduinoCore\Debug\libArduinoCore.a(LiquidCrystal_I2C.o)
 .debug_frame   0x00001b18      0x1d4 c:\users\bb21\Documents\Atmel Studio\7.0\ArduinoSketch1\ArduinoSketch1\ArduinoCore\Debug\libArduinoCore.a(SoftwareSerial.o)
 .debug_frame   0x00001cec      0x280 c:\users\bb21\Documents\Atmel Studio\7.0\ArduinoSketch1\ArduinoSketch1\ArduinoCore\Debug\libArduinoCore.a(Wire.o)
 .debug_frame   0x00001f6c       0x24 c:\users\bb21\Documents\Atmel Studio\7.0\ArduinoSketch1\ArduinoSketch1\ArduinoCore\Debug\libArduinoCore.a(hooks.o)
 .debug_frame   0x00001f90      0x134 c:\users\bb21\Documents\Atmel Studio\7.0\ArduinoSketch1\ArduinoSketch1\ArduinoCore\Debug\libArduinoCore.a(twi.o)

.debug_str      0x00000000     0x3f34
 *(.debug_str)
 .debug_str     0x00000000      0x208 E:/Installed_Softwares/AtmelStudio7/7.0/Packs/atmel/ATmega_DFP/1.2.209/gcc/dev/atmega328p/avr5/crtatmega328p.o
 .debug_str     0x00000208     0x1977 Sketch.o
                               0x1a87 (size before relaxing)
 .debug_str     0x00001b7f      0x3d9 c:\users\bb21\Documents\Atmel Studio\7.0\ArduinoSketch1\ArduinoSketch1\ArduinoCore\Debug\libArduinoCore.a(HardwareSerial.o)
                               0x1619 (size before relaxing)
 .debug_str     0x00001f58       0x86 c:\users\bb21\Documents\Atmel Studio\7.0\ArduinoSketch1\ArduinoSketch1\ArduinoCore\Debug\libArduinoCore.a(HardwareSerial0.o)
                               0x140c (size before relaxing)
 .debug_str     0x00001fde       0x37 c:\users\bb21\Documents\Atmel Studio\7.0\ArduinoSketch1\ArduinoSketch1\ArduinoCore\Debug\libArduinoCore.a(main.o)
                                0x2b8 (size before relaxing)
 .debug_str     0x00002015      0x351 c:\users\bb21\Documents\Atmel Studio\7.0\ArduinoSketch1\ArduinoSketch1\ArduinoCore\Debug\libArduinoCore.a(Print.o)
                               0x1246 (size before relaxing)
 .debug_str     0x00002366       0x97 c:\users\bb21\Documents\Atmel Studio\7.0\ArduinoSketch1\ArduinoSketch1\ArduinoCore\Debug\libArduinoCore.a(Stream.o)
                               0x126a (size before relaxing)
 .debug_str     0x000023fd      0x153 c:\users\bb21\Documents\Atmel Studio\7.0\ArduinoSketch1\ArduinoSketch1\ArduinoCore\Debug\libArduinoCore.a(wiring.o)
                                0x24e (size before relaxing)
 .debug_str     0x00002550       0xc2 c:\users\bb21\Documents\Atmel Studio\7.0\ArduinoSketch1\ArduinoSketch1\ArduinoCore\Debug\libArduinoCore.a(wiring_digital.o)
                                0x2b3 (size before relaxing)
 .debug_str     0x00002612      0x3e7 c:\users\bb21\Documents\Atmel Studio\7.0\ArduinoSketch1\ArduinoSketch1\ArduinoCore\Debug\libArduinoCore.a(WString.o)
                               0x1199 (size before relaxing)
 .debug_str     0x000029f9      0x12a c:\users\bb21\Documents\Atmel Studio\7.0\ArduinoSketch1\ArduinoSketch1\ArduinoCore\Debug\libArduinoCore.a(Adafruit_Fingerprint.o)
                               0x185c (size before relaxing)
 .debug_str     0x00002b23      0x7ec c:\users\bb21\Documents\Atmel Studio\7.0\ArduinoSketch1\ArduinoSketch1\ArduinoCore\Debug\libArduinoCore.a(LiquidCrystal_I2C.o)
                                0xc2b (size before relaxing)
 .debug_str     0x0000330f      0x5ae c:\users\bb21\Documents\Atmel Studio\7.0\ArduinoSketch1\ArduinoSketch1\ArduinoCore\Debug\libArduinoCore.a(SoftwareSerial.o)
                               0x192f (size before relaxing)
 .debug_str     0x000038bd      0x50a c:\users\bb21\Documents\Atmel Studio\7.0\ArduinoSketch1\ArduinoSketch1\ArduinoCore\Debug\libArduinoCore.a(Wire.o)
                               0x18c5 (size before relaxing)
 .debug_str     0x00003dc7       0x1c c:\users\bb21\Documents\Atmel Studio\7.0\ArduinoSketch1\ArduinoSketch1\ArduinoCore\Debug\libArduinoCore.a(hooks.o)
                                0x143 (size before relaxing)
 .debug_str     0x00003de3      0x151 c:\users\bb21\Documents\Atmel Studio\7.0\ArduinoSketch1\ArduinoSketch1\ArduinoCore\Debug\libArduinoCore.a(twi.o)
                                0x3ce (size before relaxing)

.debug_loc      0x00000000     0xbc12
 *(.debug_loc)
 .debug_loc     0x00000000      0x478 Sketch.o
 .debug_loc     0x00000478      0x4dc c:\users\bb21\Documents\Atmel Studio\7.0\ArduinoSketch1\ArduinoSketch1\ArduinoCore\Debug\libArduinoCore.a(HardwareSerial.o)
 .debug_loc     0x00000954      0x1b0 c:\users\bb21\Documents\Atmel Studio\7.0\ArduinoSketch1\ArduinoSketch1\ArduinoCore\Debug\libArduinoCore.a(HardwareSerial0.o)
 .debug_loc     0x00000b04     0x1c87 c:\users\bb21\Documents\Atmel Studio\7.0\ArduinoSketch1\ArduinoSketch1\ArduinoCore\Debug\libArduinoCore.a(Print.o)
 .debug_loc     0x0000278b     0x14ae c:\users\bb21\Documents\Atmel Studio\7.0\ArduinoSketch1\ArduinoSketch1\ArduinoCore\Debug\libArduinoCore.a(Stream.o)
 .debug_loc     0x00003c39      0x28d c:\users\bb21\Documents\Atmel Studio\7.0\ArduinoSketch1\ArduinoSketch1\ArduinoCore\Debug\libArduinoCore.a(wiring.o)
 .debug_loc     0x00003ec6      0x5fc c:\users\bb21\Documents\Atmel Studio\7.0\ArduinoSketch1\ArduinoSketch1\ArduinoCore\Debug\libArduinoCore.a(wiring_digital.o)
 .debug_loc     0x000044c2     0x422d c:\users\bb21\Documents\Atmel Studio\7.0\ArduinoSketch1\ArduinoSketch1\ArduinoCore\Debug\libArduinoCore.a(WString.o)
 .debug_loc     0x000086ef      0xdb8 c:\users\bb21\Documents\Atmel Studio\7.0\ArduinoSketch1\ArduinoSketch1\ArduinoCore\Debug\libArduinoCore.a(Adafruit_Fingerprint.o)
 .debug_loc     0x000094a7      0xb09 c:\users\bb21\Documents\Atmel Studio\7.0\ArduinoSketch1\ArduinoSketch1\ArduinoCore\Debug\libArduinoCore.a(LiquidCrystal_I2C.o)
 .debug_loc     0x00009fb0      0xc96 c:\users\bb21\Documents\Atmel Studio\7.0\ArduinoSketch1\ArduinoSketch1\ArduinoCore\Debug\libArduinoCore.a(SoftwareSerial.o)
 .debug_loc     0x0000ac46      0xbe6 c:\users\bb21\Documents\Atmel Studio\7.0\ArduinoSketch1\ArduinoSketch1\ArduinoCore\Debug\libArduinoCore.a(Wire.o)
 .debug_loc     0x0000b82c      0x3e6 c:\users\bb21\Documents\Atmel Studio\7.0\ArduinoSketch1\ArduinoSketch1\ArduinoCore\Debug\libArduinoCore.a(twi.o)

.debug_macinfo
 *(.debug_macinfo)

.debug_weaknames
 *(.debug_weaknames)

.debug_funcnames
 *(.debug_funcnames)

.debug_typenames
 *(.debug_typenames)

.debug_varnames
 *(.debug_varnames)

.debug_pubtypes
 *(.debug_pubtypes)

.debug_ranges   0x00000000      0xa48
 *(.debug_ranges)
 .debug_ranges  0x00000000       0x78 Sketch.o
 .debug_ranges  0x00000078       0x58 c:\users\bb21\Documents\Atmel Studio\7.0\ArduinoSketch1\ArduinoSketch1\ArduinoCore\Debug\libArduinoCore.a(HardwareSerial.o)
 .debug_ranges  0x000000d0       0x38 c:\users\bb21\Documents\Atmel Studio\7.0\ArduinoSketch1\ArduinoSketch1\ArduinoCore\Debug\libArduinoCore.a(HardwareSerial0.o)
 .debug_ranges  0x00000108       0x20 c:\users\bb21\Documents\Atmel Studio\7.0\ArduinoSketch1\ArduinoSketch1\ArduinoCore\Debug\libArduinoCore.a(main.o)
 .debug_ranges  0x00000128      0x120 c:\users\bb21\Documents\Atmel Studio\7.0\ArduinoSketch1\ArduinoSketch1\ArduinoCore\Debug\libArduinoCore.a(Print.o)
 .debug_ranges  0x00000248       0xb8 c:\users\bb21\Documents\Atmel Studio\7.0\ArduinoSketch1\ArduinoSketch1\ArduinoCore\Debug\libArduinoCore.a(Stream.o)
 .debug_ranges  0x00000300       0x38 c:\users\bb21\Documents\Atmel Studio\7.0\ArduinoSketch1\ArduinoSketch1\ArduinoCore\Debug\libArduinoCore.a(wiring.o)
 .debug_ranges  0x00000338       0x28 c:\users\bb21\Documents\Atmel Studio\7.0\ArduinoSketch1\ArduinoSketch1\ArduinoCore\Debug\libArduinoCore.a(wiring_digital.o)
 .debug_ranges  0x00000360      0x2f8 c:\users\bb21\Documents\Atmel Studio\7.0\ArduinoSketch1\ArduinoSketch1\ArduinoCore\Debug\libArduinoCore.a(WString.o)
 .debug_ranges  0x00000658       0xa0 c:\users\bb21\Documents\Atmel Studio\7.0\ArduinoSketch1\ArduinoSketch1\ArduinoCore\Debug\libArduinoCore.a(Adafruit_Fingerprint.o)
 .debug_ranges  0x000006f8      0x108 c:\users\bb21\Documents\Atmel Studio\7.0\ArduinoSketch1\ArduinoSketch1\ArduinoCore\Debug\libArduinoCore.a(LiquidCrystal_I2C.o)
 .debug_ranges  0x00000800       0xe0 c:\users\bb21\Documents\Atmel Studio\7.0\ArduinoSketch1\ArduinoSketch1\ArduinoCore\Debug\libArduinoCore.a(SoftwareSerial.o)
 .debug_ranges  0x000008e0       0xe8 c:\users\bb21\Documents\Atmel Studio\7.0\ArduinoSketch1\ArduinoSketch1\ArduinoCore\Debug\libArduinoCore.a(Wire.o)
 .debug_ranges  0x000009c8       0x10 c:\users\bb21\Documents\Atmel Studio\7.0\ArduinoSketch1\ArduinoSketch1\ArduinoCore\Debug\libArduinoCore.a(hooks.o)
 .debug_ranges  0x000009d8       0x70 c:\users\bb21\Documents\Atmel Studio\7.0\ArduinoSketch1\ArduinoSketch1\ArduinoCore\Debug\libArduinoCore.a(twi.o)

.debug_macro
 *(.debug_macro)
OUTPUT(FP_I2Czetawithoutdelay.elf elf32-avr)
LOAD linker stubs
